###############################################################################
#
# IAR ELF Linker V9.32.1.338/W64 for ARM                  25/Mar/2024  17:33:18
# Copyright 2007-2022 IAR Systems AB.
#
#    Output file  =
#        C:\STM32_Rep\Nucleo_G431K_data_logger\Nucleo_G431K_data_logger\EWARM\Nucleo_G431K_data_logger\Exe\Nucleo_G431K_data_logger.out
#    Map file     =
#        C:\STM32_Rep\Nucleo_G431K_data_logger\Nucleo_G431K_data_logger\EWARM\Nucleo_G431K_data_logger\List\Nucleo_G431K_data_logger.map
#    Command line =
#        -f
#        C:\STM32_Rep\Nucleo_G431K_data_logger\Nucleo_G431K_data_logger\EWARM\Nucleo_G431K_data_logger\Exe\Nucleo_G431K_data_logger.out.rsp
#        (C:\STM32_Rep\Nucleo_G431K_data_logger\Nucleo_G431K_data_logger\EWARM\Nucleo_G431K_data_logger\Obj\Application\User\Core\main.o
#        C:\STM32_Rep\Nucleo_G431K_data_logger\Nucleo_G431K_data_logger\EWARM\Nucleo_G431K_data_logger\Obj\Application\EWARM\startup_stm32g431xx.o
#        C:\STM32_Rep\Nucleo_G431K_data_logger\Nucleo_G431K_data_logger\EWARM\Nucleo_G431K_data_logger\Obj\Drivers\STM32G4xx_HAL_Driver\stm32g4xx_hal.o
#        C:\STM32_Rep\Nucleo_G431K_data_logger\Nucleo_G431K_data_logger\EWARM\Nucleo_G431K_data_logger\Obj\Drivers\STM32G4xx_HAL_Driver\stm32g4xx_hal_adc.o
#        C:\STM32_Rep\Nucleo_G431K_data_logger\Nucleo_G431K_data_logger\EWARM\Nucleo_G431K_data_logger\Obj\Drivers\STM32G4xx_HAL_Driver\stm32g4xx_hal_adc_ex.o
#        C:\STM32_Rep\Nucleo_G431K_data_logger\Nucleo_G431K_data_logger\EWARM\Nucleo_G431K_data_logger\Obj\Drivers\STM32G4xx_HAL_Driver\stm32g4xx_hal_cortex.o
#        C:\STM32_Rep\Nucleo_G431K_data_logger\Nucleo_G431K_data_logger\EWARM\Nucleo_G431K_data_logger\Obj\Drivers\STM32G4xx_HAL_Driver\stm32g4xx_hal_dma.o
#        C:\STM32_Rep\Nucleo_G431K_data_logger\Nucleo_G431K_data_logger\EWARM\Nucleo_G431K_data_logger\Obj\Drivers\STM32G4xx_HAL_Driver\stm32g4xx_hal_dma_ex.o
#        C:\STM32_Rep\Nucleo_G431K_data_logger\Nucleo_G431K_data_logger\EWARM\Nucleo_G431K_data_logger\Obj\Drivers\STM32G4xx_HAL_Driver\stm32g4xx_hal_exti.o
#        C:\STM32_Rep\Nucleo_G431K_data_logger\Nucleo_G431K_data_logger\EWARM\Nucleo_G431K_data_logger\Obj\Drivers\STM32G4xx_HAL_Driver\stm32g4xx_hal_flash.o
#        C:\STM32_Rep\Nucleo_G431K_data_logger\Nucleo_G431K_data_logger\EWARM\Nucleo_G431K_data_logger\Obj\Drivers\STM32G4xx_HAL_Driver\stm32g4xx_hal_flash_ex.o
#        C:\STM32_Rep\Nucleo_G431K_data_logger\Nucleo_G431K_data_logger\EWARM\Nucleo_G431K_data_logger\Obj\Drivers\STM32G4xx_HAL_Driver\stm32g4xx_hal_flash_ramfunc.o
#        C:\STM32_Rep\Nucleo_G431K_data_logger\Nucleo_G431K_data_logger\EWARM\Nucleo_G431K_data_logger\Obj\Drivers\STM32G4xx_HAL_Driver\stm32g4xx_hal_gpio.o
#        C:\STM32_Rep\Nucleo_G431K_data_logger\Nucleo_G431K_data_logger\EWARM\Nucleo_G431K_data_logger\Obj\Application\User\Core\stm32g4xx_hal_msp.o
#        C:\STM32_Rep\Nucleo_G431K_data_logger\Nucleo_G431K_data_logger\EWARM\Nucleo_G431K_data_logger\Obj\Drivers\STM32G4xx_HAL_Driver\stm32g4xx_hal_pwr.o
#        C:\STM32_Rep\Nucleo_G431K_data_logger\Nucleo_G431K_data_logger\EWARM\Nucleo_G431K_data_logger\Obj\Drivers\STM32G4xx_HAL_Driver\stm32g4xx_hal_pwr_ex.o
#        C:\STM32_Rep\Nucleo_G431K_data_logger\Nucleo_G431K_data_logger\EWARM\Nucleo_G431K_data_logger\Obj\Drivers\STM32G4xx_HAL_Driver\stm32g4xx_hal_rcc.o
#        C:\STM32_Rep\Nucleo_G431K_data_logger\Nucleo_G431K_data_logger\EWARM\Nucleo_G431K_data_logger\Obj\Drivers\STM32G4xx_HAL_Driver\stm32g4xx_hal_rcc_ex.o
#        C:\STM32_Rep\Nucleo_G431K_data_logger\Nucleo_G431K_data_logger\EWARM\Nucleo_G431K_data_logger\Obj\Drivers\STM32G4xx_HAL_Driver\stm32g4xx_hal_tim.o
#        C:\STM32_Rep\Nucleo_G431K_data_logger\Nucleo_G431K_data_logger\EWARM\Nucleo_G431K_data_logger\Obj\Drivers\STM32G4xx_HAL_Driver\stm32g4xx_hal_tim_ex.o
#        C:\STM32_Rep\Nucleo_G431K_data_logger\Nucleo_G431K_data_logger\EWARM\Nucleo_G431K_data_logger\Obj\Drivers\STM32G4xx_HAL_Driver\stm32g4xx_hal_uart.o
#        C:\STM32_Rep\Nucleo_G431K_data_logger\Nucleo_G431K_data_logger\EWARM\Nucleo_G431K_data_logger\Obj\Drivers\STM32G4xx_HAL_Driver\stm32g4xx_hal_uart_ex.o
#        C:\STM32_Rep\Nucleo_G431K_data_logger\Nucleo_G431K_data_logger\EWARM\Nucleo_G431K_data_logger\Obj\Application\User\Core\stm32g4xx_it.o
#        C:\STM32_Rep\Nucleo_G431K_data_logger\Nucleo_G431K_data_logger\EWARM\Nucleo_G431K_data_logger\Obj\Drivers\STM32G4xx_HAL_Driver\stm32g4xx_ll_adc.o
#        C:\STM32_Rep\Nucleo_G431K_data_logger\Nucleo_G431K_data_logger\EWARM\Nucleo_G431K_data_logger\Obj\Drivers\CMSIS\system_stm32g4xx.o
#        --no_out_extension -o
#        C:\STM32_Rep\Nucleo_G431K_data_logger\Nucleo_G431K_data_logger\EWARM\Nucleo_G431K_data_logger\Exe\Nucleo_G431K_data_logger.out
#        --redirect _Printf=_PrintfFullNoMb --redirect _Scanf=_ScanfFullNoMb
#        --map
#        C:\STM32_Rep\Nucleo_G431K_data_logger\Nucleo_G431K_data_logger\EWARM\Nucleo_G431K_data_logger\List\Nucleo_G431K_data_logger.map
#        --config
#        C:\STM32_Rep\Nucleo_G431K_data_logger\Nucleo_G431K_data_logger\EWARM/stm32g431xx_flash.icf
#        --semihosting
#        C:\STM32_Rep\Nucleo_G431K_data_logger\Nucleo_G431K_data_logger\EWARM\..\user_code\ai\libneai.a
#        --entry __iar_program_start --vfe --text_out locale --cpu=Cortex-M4
#        --fpu=VFPv4_sp)
#
###############################################################################

*******************************************************************************
*** RUNTIME MODEL ATTRIBUTES
***

CppFlavor       = *
__CPP_Runtime   = 1
__SystemLibrary = DLib
__dlib_version  = 6


*******************************************************************************
*** HEAP SELECTION
***

The basic heap was selected because --advanced_heap
was not specified and the application did not appear to
be primarily optimized for speed.


*******************************************************************************
*** PLACEMENT SUMMARY
***

"A0":  place at address 0x800'0000 { ro section .intvec };
"P1":  place in [from 0x800'0000 to 0x801'ffff] { ro };
define block CSTACK with size = 5K, alignment = 8 { };
define block HEAP with size = 512, alignment = 8 { };
"P2":  place in [from 0x2000'0000 to 0x2000'7fff] {
          rw, block CSTACK, block HEAP };
initialize by copy { rw };

  Section                 Kind         Address    Size  Object
  -------                 ----         -------    ----  ------
"A0":                                            0x1d8
  .intvec                 ro code   0x800'0000   0x1d8  startup_stm32g431xx.o [1]
                                  - 0x800'01d8   0x1d8

"P1":                                           0x4b04
  .text                   ro code   0x800'01d8   0xb00  stm32g4xx_hal_adc.o [4]
  .text                   ro code   0x800'0cd8   0x1d8  stm32g4xx_hal_msp.o [2]
  .text                   ro code   0x800'0eb0   0x330  stm32g4xx_hal_dma.o [4]
  .text                   ro code   0x800'11e0     0xc  stm32g4xx_hal.o [4]
  .text                   ro code   0x800'11ec     0x2  stm32g4xx_hal_adc.o [4]
  .text                   ro code   0x800'11ee     0x2  stm32g4xx_hal_adc.o [4]
  .text                   ro code   0x800'11f0   0x5ac  main.o [2]
  .text                   ro code   0x800'179c   0x108  stm32g4xx_hal_pwr_ex.o [4]
  .text                   ro code   0x800'18a4    0x14  memset.o [8]
  .text                   ro code   0x800'18b8   0x2d8  stm32g4xx_hal_rcc_ex.o [4]
  .text                   ro code   0x800'1b90   0x1d4  stm32g4xx_hal_gpio.o [4]
  .text                   ro code   0x800'1d64   0x128  stm32g4xx_hal_cortex.o [4]
  .text                   ro code   0x800'1e8c    0x22  stm32g4xx_hal.o [4]
  .text                   ro code   0x800'1eae    0x3a  packbits_init_single.o [8]
  .text                   ro code   0x800'1ee8   0x428  stm32g4xx_hal_tim.o [4]
  .text                   ro code   0x800'2310   0x81c  stm32g4xx_hal_adc_ex.o [4]
  .text                   ro code   0x800'2b2c    0x28  stm32g4xx_hal.o [4]
  .text.neai_anomalydetection_init
                          ro code   0x800'2b54    0xac  NanoEdgeAI.o [6]
  .text.neai_anomalydetection_knowledge
                          ro code   0x800'2c00   0x25c  NanoEdgeAI.o [6]
  .text                   ro code   0x800'2e5c    0x1c  U32ToDbl.o [7]
  .text                   ro code   0x800'2e78   0x246  DblDiv.o [7]
  .text                   ro code   0x800'30c0    0x68  DblToFlt.o [7]
  .text.neai_anomalydetection_detect
                          ro code   0x800'3128   0x238  NanoEdgeAI.o [6]
  .text                   ro code   0x800'3360    0x66  ABImemset.o [8]
  .text                   ro code   0x800'33c8   0x780  stm32g4xx_hal_rcc.o [4]
  .text                   ro code   0x800'3b48    0xb0  stm32g4xx_hal_tim_ex.o [4]
  .text                   ro code   0x800'3bf8   0x68c  stm32g4xx_hal_uart.o [4]
  .text                   ro code   0x800'4284   0x154  stm32g4xx_hal_uart_ex.o [4]
  .text                   ro code   0x800'43d8    0x5c  stm32g4xx_hal.o [4]
  .text                   ro code   0x800'4434     0x2  stm32g4xx_hal_tim.o [4]
  .text                   ro code   0x800'4436     0x2  stm32g4xx_hal_tim.o [4]
  .text                   ro code   0x800'4438     0x2  stm32g4xx_hal_tim.o [4]
  .text                   ro code   0x800'443a     0x2  stm32g4xx_hal_tim_ex.o [4]
  .text                   ro code   0x800'443c     0x2  stm32g4xx_hal_tim_ex.o [4]
  .text                   ro code   0x800'443e     0x2  stm32g4xx_hal_tim.o [4]
  .text                   ro code   0x800'4440     0x2  stm32g4xx_hal_tim_ex.o [4]
  .text                   ro code   0x800'4442     0x2  stm32g4xx_hal_tim_ex.o [4]
  .text                   ro code   0x800'4444     0x2  stm32g4xx_hal_tim_ex.o [4]
  .text                   ro code   0x800'4446     0x2  stm32g4xx_hal_tim_ex.o [4]
  .text                   ro code   0x800'4448     0x2  stm32g4xx_hal_tim_ex.o [4]
  .text.funchad56.constprop.0
                          ro code   0x800'444c    0x50  NanoEdgeAI.o [6]
  .text                   ro code   0x800'449c    0x48  FltToDbl.o [7]
  .text                   ro code   0x800'44e4   0x1aa  DblMul.o [7]
  .text                   ro code   0x800'4690    0x42  fmax.o [7]
  .text                   ro code   0x800'46d4    0x28  fminf.o [7]
  .text                   ro code   0x800'46fc   0x230  I64DivMod.o [8]
  .text                   ro code   0x800'492c     0x2  I64DivZer.o [8]
  .rodata                 const     0x800'4930    0xd4  main.o [2]
  .text                   ro code   0x800'4a04    0x38  zero_init3.o [8]
  .text                   ro code   0x800'4a3c    0x34  stm32g4xx_it.o [2]
  .text                   ro code   0x800'4a70    0x18  stm32g4xx_hal.o [4]
  .text                   ro code   0x800'4a88    0x28  data_init.o [8]
  .text                   ro code   0x800'4ab0    0x22  fpinit_M.o [7]
  .iar.init_table         const     0x800'4ad4    0x20  - Linker created -
  .text                   ro code   0x800'4af4    0x1e  cmain.o [8]
  .text                   ro code   0x800'4b12     0x4  low_level_init.o [5]
  .text                   ro code   0x800'4b16     0x4  exit.o [5]
  .text                   ro code   0x800'4b1c     0xa  cexit.o [8]
  .text                   ro code   0x800'4b28    0x14  exit.o [9]
  .text                   ro code   0x800'4b3c    0x1c  cstartup_M.o [8]
  .rodata                 const     0x800'4b58    0x18  stm32g4xx_hal_uart.o [4]
  .rodata                 const     0x800'4b70    0x10  system_stm32g4xx.o [3]
  .text                   ro code   0x800'4b80    0x10  startup_stm32g431xx.o [1]
  .text                   ro code   0x800'4b90    0x10  system_stm32g4xx.o [3]
  .rodata                 const     0x800'4ba0     0x8  stm32g4xx_hal_uart_ex.o [4]
  .rodata                 const     0x800'4ba8     0x8  stm32g4xx_hal_uart_ex.o [4]
  .rodata                 const     0x800'4bb0     0x8  system_stm32g4xx.o [3]
  .text                   ro code   0x800'4bb8     0x4  startup_stm32g431xx.o [1]
  .text                   ro code   0x800'4bbc     0x4  startup_stm32g431xx.o [1]
  .text                   ro code   0x800'4bc0     0x4  startup_stm32g431xx.o [1]
  .text                   ro code   0x800'4bc4     0x4  startup_stm32g431xx.o [1]
  .text                   ro code   0x800'4bc8     0x4  startup_stm32g431xx.o [1]
  .text                   ro code   0x800'4bcc     0x4  startup_stm32g431xx.o [1]
  .text                   ro code   0x800'4bd0     0x4  startup_stm32g431xx.o [1]
  .text                   ro code   0x800'4bd4     0x4  startup_stm32g431xx.o [1]
  .text                   ro code   0x800'4bd8     0x4  startup_stm32g431xx.o [1]
  .text                   ro code   0x800'4bdc     0x4  startup_stm32g431xx.o [1]
  .text                   ro code   0x800'4be0     0x4  startup_stm32g431xx.o [1]
  .text                   ro code   0x800'4be4     0x4  startup_stm32g431xx.o [1]
  .text                   ro code   0x800'4be8     0x4  startup_stm32g431xx.o [1]
  .text                   ro code   0x800'4bec     0x4  startup_stm32g431xx.o [1]
  .text                   ro code   0x800'4bf0     0x4  startup_stm32g431xx.o [1]
  .text                   ro code   0x800'4bf4     0x4  startup_stm32g431xx.o [1]
  .text                   ro code   0x800'4bf8     0x4  startup_stm32g431xx.o [1]
  .text                   ro code   0x800'4bfc     0x4  startup_stm32g431xx.o [1]
  .text                   ro code   0x800'4c00     0x4  startup_stm32g431xx.o [1]
  .text                   ro code   0x800'4c04     0x4  startup_stm32g431xx.o [1]
  .text                   ro code   0x800'4c08     0x4  startup_stm32g431xx.o [1]
  .text                   ro code   0x800'4c0c     0x4  startup_stm32g431xx.o [1]
  .text                   ro code   0x800'4c10     0x4  startup_stm32g431xx.o [1]
  .text                   ro code   0x800'4c14     0x4  startup_stm32g431xx.o [1]
  .text                   ro code   0x800'4c18     0x4  startup_stm32g431xx.o [1]
  .text                   ro code   0x800'4c1c     0x4  startup_stm32g431xx.o [1]
  .text                   ro code   0x800'4c20     0x4  startup_stm32g431xx.o [1]
  .text                   ro code   0x800'4c24     0x4  startup_stm32g431xx.o [1]
  .text                   ro code   0x800'4c28     0x4  startup_stm32g431xx.o [1]
  .text                   ro code   0x800'4c2c     0x4  startup_stm32g431xx.o [1]
  .text                   ro code   0x800'4c30     0x4  startup_stm32g431xx.o [1]
  .text                   ro code   0x800'4c34     0x4  startup_stm32g431xx.o [1]
  .text                   ro code   0x800'4c38     0x4  startup_stm32g431xx.o [1]
  .text                   ro code   0x800'4c3c     0x4  startup_stm32g431xx.o [1]
  .text                   ro code   0x800'4c40     0x4  startup_stm32g431xx.o [1]
  .text                   ro code   0x800'4c44     0x4  startup_stm32g431xx.o [1]
  .text                   ro code   0x800'4c48     0x4  startup_stm32g431xx.o [1]
  .text                   ro code   0x800'4c4c     0x4  startup_stm32g431xx.o [1]
  .text                   ro code   0x800'4c50     0x4  startup_stm32g431xx.o [1]
  .text                   ro code   0x800'4c54     0x4  startup_stm32g431xx.o [1]
  .text                   ro code   0x800'4c58     0x4  startup_stm32g431xx.o [1]
  .text                   ro code   0x800'4c5c     0x4  startup_stm32g431xx.o [1]
  .text                   ro code   0x800'4c60     0x4  startup_stm32g431xx.o [1]
  .text                   ro code   0x800'4c64     0x4  startup_stm32g431xx.o [1]
  .text                   ro code   0x800'4c68     0x4  startup_stm32g431xx.o [1]
  .text                   ro code   0x800'4c6c     0x4  startup_stm32g431xx.o [1]
  .text                   ro code   0x800'4c70     0x4  startup_stm32g431xx.o [1]
  .text                   ro code   0x800'4c74     0x4  startup_stm32g431xx.o [1]
  .text                   ro code   0x800'4c78     0x4  startup_stm32g431xx.o [1]
  .text                   ro code   0x800'4c7c     0x4  startup_stm32g431xx.o [1]
  .text                   ro code   0x800'4c80     0x4  startup_stm32g431xx.o [1]
  .text                   ro code   0x800'4c84     0x4  startup_stm32g431xx.o [1]
  .text                   ro code   0x800'4c88     0x4  startup_stm32g431xx.o [1]
  .text                   ro code   0x800'4c8c     0x4  startup_stm32g431xx.o [1]
  .text                   ro code   0x800'4c90     0x4  startup_stm32g431xx.o [1]
  .text                   ro code   0x800'4c94     0x4  startup_stm32g431xx.o [1]
  .text                   ro code   0x800'4c98     0x4  startup_stm32g431xx.o [1]
  .text                   ro code   0x800'4c9c     0x4  startup_stm32g431xx.o [1]
  .text                   ro code   0x800'4ca0     0x4  startup_stm32g431xx.o [1]
  .text                   ro code   0x800'4ca4     0x4  startup_stm32g431xx.o [1]
  .text                   ro code   0x800'4ca8     0x4  startup_stm32g431xx.o [1]
  .text                   ro code   0x800'4cac     0x4  startup_stm32g431xx.o [1]
  .text                   ro code   0x800'4cb0     0x4  startup_stm32g431xx.o [1]
  .text                   ro code   0x800'4cb4     0x4  startup_stm32g431xx.o [1]
  .text                   ro code   0x800'4cb8     0x4  startup_stm32g431xx.o [1]
  .text                   ro code   0x800'4cbc     0x4  startup_stm32g431xx.o [1]
  .text                   ro code   0x800'4cc0     0x4  startup_stm32g431xx.o [1]
  .text                   ro code   0x800'4cc4     0x4  startup_stm32g431xx.o [1]
  .rodata                 const     0x800'4cc8     0x0  zero_init3.o [8]
  .rodata                 const     0x800'4cc8     0x0  packbits_init_single.o [8]
  Initializer bytes       const     0x800'4cc8    0x14  <for P2-1>
                                  - 0x800'4cdc  0x4b04

"P2", part 1 of 3:                                0xb4
  P2-1                             0x2000'0000    0xb4  <Init block>
    .data                 inited   0x2000'0000     0x4  stm32g4xx_hal.o [4]
    .data                 inited   0x2000'0004     0x4  stm32g4xx_hal.o [4]
    .data                 inited   0x2000'0008     0x4  system_stm32g4xx.o [3]
    .data.funccad40       inited   0x2000'000c     0x4  NanoEdgeAI.o [6]
    .neai                 inited   0x2000'0010    0xa4  NanoEdgeAI.o [6]
                                 - 0x2000'00b4    0xb4

"P2", part 2 of 3:                              0x1a78
  .bss                    zero     0x2000'00b4  0x1800  main.o [2]
  .bss                    zero     0x2000'18b4    0x94  main.o [2]
  .bss                    zero     0x2000'1948    0x6c  main.o [2]
  .bss                    zero     0x2000'19b4    0x60  main.o [2]
  .bss                    zero     0x2000'1a14    0x4c  main.o [2]
  .bss                    zero     0x2000'1a60    0x4c  main.o [2]
  .bss.funccad35          zero     0x2000'1aac    0x3c  NanoEdgeAI.o [6]
  .bss                    zero     0x2000'1ae8    0x1c  main.o [2]
  .bss                    zero     0x2000'1b04     0xc  main.o [2]
  .bss                    zero     0x2000'1b10     0x4  main.o [2]
  .bss                    zero     0x2000'1b14     0x4  main.o [2]
  .bss                    zero     0x2000'1b18     0x4  main.o [2]
  .bss                    zero     0x2000'1b1c     0x4  main.o [2]
  .bss                    zero     0x2000'1b20     0x4  stm32g4xx_hal.o [4]
  .bss.varcad24           zero     0x2000'1b24     0x4  NanoEdgeAI.o [6]
  .bss                    zero     0x2000'1b28     0x1  main.o [2]
  .bss                    zero     0x2000'1b29     0x1  main.o [2]
  .bss                    zero     0x2000'1b2a     0x1  main.o [2]
                                 - 0x2000'1b2b  0x1a77

"P2", part 3 of 3:                              0x1400
  CSTACK                           0x2000'1b30  0x1400  <Block>
    CSTACK                uninit   0x2000'1b30  0x1400  <Block tail>
                                 - 0x2000'2f30  0x1400

Unused ranges:

         From           To      Size
         ----           --      ----
   0x800'4cdc   0x801'ffff  0x1'b324
  0x2000'1b2c  0x2000'1b2f       0x4
  0x2000'2f30  0x2000'7fff    0x50d0


*******************************************************************************
*** INIT TABLE
***

          Address      Size
          -------      ----
Zero (__iar_zero_init3)
    1 destination range, total size 0x1a77:
          0x2000'00b4  0x1a77

Copy/packbits (__iar_packbits_init_single3)
    1 source range, total size 0x14 (11% of destination):
           0x800'4cc8    0x14
    1 destination range, total size 0xb4:
          0x2000'0000    0xb4



*******************************************************************************
*** MODULE SUMMARY
***

    Module                   ro code  ro data  rw data
    ------                   -------  -------  -------
command line/config:
    --------------------------------------------------
    Total:

C:\STM32_Rep\Nucleo_G431K_data_logger\Nucleo_G431K_data_logger\EWARM\Nucleo_G431K_data_logger\Obj\Application\EWARM: [1]
    startup_stm32g431xx.o        760
    --------------------------------------------------
    Total:                       760

C:\STM32_Rep\Nucleo_G431K_data_logger\Nucleo_G431K_data_logger\EWARM\Nucleo_G431K_data_logger\Obj\Application\User\Core: [2]
    main.o                     1'452      212    6'707
    stm32g4xx_hal_msp.o          472
    stm32g4xx_it.o                52
    --------------------------------------------------
    Total:                     1'976      212    6'707

C:\STM32_Rep\Nucleo_G431K_data_logger\Nucleo_G431K_data_logger\EWARM\Nucleo_G431K_data_logger\Obj\Drivers\CMSIS: [3]
    system_stm32g4xx.o            16       25        4
    --------------------------------------------------
    Total:                        16       25        4

C:\STM32_Rep\Nucleo_G431K_data_logger\Nucleo_G431K_data_logger\EWARM\Nucleo_G431K_data_logger\Obj\Drivers\STM32G4xx_HAL_Driver: [4]
    stm32g4xx_hal.o              202                12
    stm32g4xx_hal_adc.o        2'820
    stm32g4xx_hal_adc_ex.o     2'076
    stm32g4xx_hal_cortex.o       296
    stm32g4xx_hal_dma.o          816
    stm32g4xx_hal_gpio.o         468
    stm32g4xx_hal_pwr_ex.o       264
    stm32g4xx_hal_rcc.o        1'920
    stm32g4xx_hal_rcc_ex.o       728
    stm32g4xx_hal_tim.o        1'072
    stm32g4xx_hal_tim_ex.o       190
    stm32g4xx_hal_uart.o       1'676       24
    stm32g4xx_hal_uart_ex.o      340       16
    --------------------------------------------------
    Total:                    12'868       40       12

dl7M_tlf.a: [5]
    exit.o                         4
    low_level_init.o               4
    --------------------------------------------------
    Total:                         8

libneai.a: [6]
    NanoEdgeAI.o               1'424       19      232
    --------------------------------------------------
    Total:                     1'424       19      232

m7M_tls.a: [7]
    DblDiv.o                     582
    DblMul.o                     426
    DblToFlt.o                   104
    FltToDbl.o                    72
    U32ToDbl.o                    28
    fmax.o                        66
    fminf.o                       40
    fpinit_M.o                    34
    --------------------------------------------------
    Total:                     1'352

rt7M_tl.a: [8]
    ABImemset.o                  102
    I64DivMod.o                  560
    I64DivZer.o                    2
    cexit.o                       10
    cmain.o                       30
    cstartup_M.o                  28
    data_init.o                   40
    memset.o                      20
    packbits_init_single.o        58
    zero_init3.o                  56
    --------------------------------------------------
    Total:                       906

shb_l.a: [9]
    exit.o                        20
    --------------------------------------------------
    Total:                        20

    Gaps                          14        4
    Linker created                         32    5'120
------------------------------------------------------
    Grand Total:              19'344      332   12'075


*******************************************************************************
*** ENTRY LIST
***

Entry                       Address    Size  Type      Object
-----                       -------    ----  ----      ------
.iar.init_table$$Base    0x800'4ad4           --   Gb  - Linker created -
.iar.init_table$$Limit   0x800'4af4           --   Gb  - Linker created -
?main                    0x800'4af5          Code  Gb  cmain.o [8]
ADC1_2_IRQHandler        0x800'4bf9          Code  Wk  startup_stm32g431xx.o [1]
ADC_DMAConvCplt          0x800'0c33    0x82  Code  Gb  stm32g4xx_hal_adc.o [4]
ADC_DMAError             0x800'0cbf    0x1a  Code  Gb  stm32g4xx_hal_adc.o [4]
ADC_DMAHalfConvCplt      0x800'0cb5     0xa  Code  Gb  stm32g4xx_hal_adc.o [4]
ADC_Disable              0x800'0bb5    0x7e  Code  Gb  stm32g4xx_hal_adc.o [4]
ADC_Enable               0x800'0ae1    0xaa  Code  Gb  stm32g4xx_hal_adc.o [4]
AHBPrescTable            0x800'4b70    0x10  Data  Gb  system_stm32g4xx.o [3]
APBPrescTable            0x800'4bb0     0x8  Data  Gb  system_stm32g4xx.o [3]
BusFault_Handler         0x800'4a43     0x2  Code  Gb  stm32g4xx_it.o [2]
COMP1_2_3_IRQHandler     0x800'4c95          Code  Wk  startup_stm32g431xx.o [1]
COMP4_IRQHandler         0x800'4c99          Code  Wk  startup_stm32g431xx.o [1]
CORDIC_IRQHandler        0x800'4cc1          Code  Wk  startup_stm32g431xx.o [1]
CRS_IRQHandler           0x800'4c9d          Code  Wk  startup_stm32g431xx.o [1]
CSTACK$$Base            0x2000'1b30           --   Gb  - Linker created -
CSTACK$$Limit           0x2000'2f30           --   Gb  - Linker created -
DMA1_Channel1_IRQHandler
                         0x800'4a55     0xa  Code  Gb  stm32g4xx_it.o [2]
DMA1_Channel2_IRQHandler
                         0x800'4be5          Code  Wk  startup_stm32g431xx.o [1]
DMA1_Channel3_IRQHandler
                         0x800'4be9          Code  Wk  startup_stm32g431xx.o [1]
DMA1_Channel4_IRQHandler
                         0x800'4bed          Code  Wk  startup_stm32g431xx.o [1]
DMA1_Channel5_IRQHandler
                         0x800'4bf1          Code  Wk  startup_stm32g431xx.o [1]
DMA1_Channel6_IRQHandler
                         0x800'4bf5          Code  Wk  startup_stm32g431xx.o [1]
DMA2_Channel1_IRQHandler
                         0x800'4c7d          Code  Wk  startup_stm32g431xx.o [1]
DMA2_Channel2_IRQHandler
                         0x800'4c81          Code  Wk  startup_stm32g431xx.o [1]
DMA2_Channel3_IRQHandler
                         0x800'4c85          Code  Wk  startup_stm32g431xx.o [1]
DMA2_Channel4_IRQHandler
                         0x800'4c89          Code  Wk  startup_stm32g431xx.o [1]
DMA2_Channel5_IRQHandler
                         0x800'4c8d          Code  Wk  startup_stm32g431xx.o [1]
DMA2_Channel6_IRQHandler
                         0x800'4cbd          Code  Wk  startup_stm32g431xx.o [1]
DMAMUX_OVR_IRQHandler    0x800'4cb9          Code  Wk  startup_stm32g431xx.o [1]
DMA_CalcDMAMUXChannelBaseAndMask
                         0x800'1161    0x38  Code  Lc  stm32g4xx_hal_dma.o [4]
DMA_CalcDMAMUXRequestGenBaseAndMask
                         0x800'1199    0x20  Code  Lc  stm32g4xx_hal_dma.o [4]
DMA_SetConfig            0x800'111d    0x44  Code  Lc  stm32g4xx_hal_dma.o [4]
DebugMon_Handler         0x800'4a49     0x2  Code  Gb  stm32g4xx_it.o [2]
EXTI0_IRQHandler         0x800'4bd1          Code  Wk  startup_stm32g431xx.o [1]
EXTI15_10_IRQHandler     0x800'4c51          Code  Wk  startup_stm32g431xx.o [1]
EXTI1_IRQHandler         0x800'4bd5          Code  Wk  startup_stm32g431xx.o [1]
EXTI2_IRQHandler         0x800'4bd9          Code  Wk  startup_stm32g431xx.o [1]
EXTI3_IRQHandler         0x800'4bdd          Code  Wk  startup_stm32g431xx.o [1]
EXTI4_IRQHandler         0x800'4be1          Code  Wk  startup_stm32g431xx.o [1]
EXTI9_5_IRQHandler       0x800'4c0d          Code  Wk  startup_stm32g431xx.o [1]
Error_Handler            0x800'1799     0x4  Code  Gb  main.o [2]
FDCAN1_IT0_IRQHandler    0x800'4c05          Code  Wk  startup_stm32g431xx.o [1]
FDCAN1_IT1_IRQHandler    0x800'4c09          Code  Wk  startup_stm32g431xx.o [1]
FLASH_IRQHandler         0x800'4bc9          Code  Wk  startup_stm32g431xx.o [1]
FMAC_IRQHandler          0x800'4cc5          Code  Wk  startup_stm32g431xx.o [1]
FPU_IRQHandler           0x800'4ca5          Code  Wk  startup_stm32g431xx.o [1]
HAL_ADCEx_Calibration_Start
                         0x800'2427    0x90  Code  Gb  stm32g4xx_hal_adc_ex.o [4]
HAL_ADCEx_InjectedConfigChannel
                         0x800'24c9   0x532  Code  Gb  stm32g4xx_hal_adc_ex.o [4]
HAL_ADCEx_MultiModeConfigChannel
                         0x800'29fb   0x100  Code  Gb  stm32g4xx_hal_adc_ex.o [4]
HAL_ADC_ConfigChannel    0x800'06e1   0x3f4  Code  Gb  stm32g4xx_hal_adc.o [4]
HAL_ADC_ConvCpltCallback
                         0x800'11ed     0x2  Code  Wk  stm32g4xx_hal_adc.o [4]
HAL_ADC_ConvHalfCpltCallback
                         0x800'11f1    0x20  Code  Gb  main.o [2]
HAL_ADC_ErrorCallback    0x800'11ef     0x2  Code  Wk  stm32g4xx_hal_adc.o [4]
HAL_ADC_Init             0x800'0391   0x21e  Code  Gb  stm32g4xx_hal_adc.o [4]
HAL_ADC_MspInit          0x800'0d09    0xb8  Code  Gb  stm32g4xx_hal_msp.o [2]
HAL_ADC_Start_DMA        0x800'05af   0x104  Code  Gb  stm32g4xx_hal_adc.o [4]
HAL_DMA_IRQHandler       0x800'1033    0xea  Code  Gb  stm32g4xx_hal_dma.o [4]
HAL_DMA_Init             0x800'0eb1    0xd8  Code  Gb  stm32g4xx_hal_dma.o [4]
HAL_DMA_Start_IT         0x800'0f89    0xaa  Code  Gb  stm32g4xx_hal_dma.o [4]
HAL_Delay                0x800'2b2d    0x28  Code  Wk  stm32g4xx_hal.o [4]
HAL_GPIO_Init            0x800'1b91   0x196  Code  Gb  stm32g4xx_hal_gpio.o [4]
HAL_GPIO_WritePin        0x800'1d27    0x12  Code  Gb  stm32g4xx_hal_gpio.o [4]
HAL_GetTick              0x800'11e1     0xc  Code  Wk  stm32g4xx_hal.o [4]
HAL_IncTick              0x800'4a71    0x18  Code  Wk  stm32g4xx_hal.o [4]
HAL_Init                 0x800'1e8d    0x22  Code  Gb  stm32g4xx_hal.o [4]
HAL_InitTick             0x800'43d9    0x5c  Code  Wk  stm32g4xx_hal.o [4]
HAL_MspInit              0x800'0cd9    0x30  Code  Gb  stm32g4xx_hal_msp.o [2]
HAL_NVIC_EnableIRQ       0x800'1e5b     0xa  Code  Gb  stm32g4xx_hal_cortex.o [4]
HAL_NVIC_SetPriority     0x800'1e3b    0x20  Code  Gb  stm32g4xx_hal_cortex.o [4]
HAL_NVIC_SetPriorityGrouping
                         0x800'1e33     0x8  Code  Gb  stm32g4xx_hal_cortex.o [4]
HAL_PWREx_ControlVoltageScaling
                         0x800'179d    0xe4  Code  Gb  stm32g4xx_hal_pwr_ex.o [4]
HAL_PWREx_DisableUCPDDeadBattery
                         0x800'1881     0xc  Code  Gb  stm32g4xx_hal_pwr_ex.o [4]
HAL_RCCEx_PeriphCLKConfig
                         0x800'18b9   0x2c2  Code  Gb  stm32g4xx_hal_rcc_ex.o [4]
HAL_RCC_ClockConfig      0x800'383f   0x1d2  Code  Gb  stm32g4xx_hal_rcc.o [4]
HAL_RCC_GetHCLKFreq      0x800'3a7f     0x6  Code  Gb  stm32g4xx_hal_rcc.o [4]
HAL_RCC_GetPCLK1Freq     0x800'3a85    0x1a  Code  Gb  stm32g4xx_hal_rcc.o [4]
HAL_RCC_GetPCLK2Freq     0x800'3a9f    0x1a  Code  Gb  stm32g4xx_hal_rcc.o [4]
HAL_RCC_GetSysClockFreq
                         0x800'3a11    0x6e  Code  Gb  stm32g4xx_hal_rcc.o [4]
HAL_RCC_OscConfig        0x800'33c9   0x476  Code  Gb  stm32g4xx_hal_rcc.o [4]
HAL_SYSTICK_Config       0x800'1e65     0x8  Code  Gb  stm32g4xx_hal_cortex.o [4]
HAL_TIMEx_Break2Callback
                         0x800'443d     0x2  Code  Wk  stm32g4xx_hal_tim_ex.o [4]
HAL_TIMEx_BreakCallback
                         0x800'443b     0x2  Code  Wk  stm32g4xx_hal_tim_ex.o [4]
HAL_TIMEx_CommutCallback
                         0x800'4441     0x2  Code  Wk  stm32g4xx_hal_tim_ex.o [4]
HAL_TIMEx_DirectionChangeCallback
                         0x800'4445     0x2  Code  Wk  stm32g4xx_hal_tim_ex.o [4]
HAL_TIMEx_EncoderIndexCallback
                         0x800'4443     0x2  Code  Wk  stm32g4xx_hal_tim_ex.o [4]
HAL_TIMEx_IndexErrorCallback
                         0x800'4447     0x2  Code  Wk  stm32g4xx_hal_tim_ex.o [4]
HAL_TIMEx_MasterConfigSynchronization
                         0x800'3b49    0x96  Code  Gb  stm32g4xx_hal_tim_ex.o [4]
HAL_TIMEx_TransitionErrorCallback
                         0x800'4449     0x2  Code  Wk  stm32g4xx_hal_tim_ex.o [4]
HAL_TIM_Base_Init        0x800'1ee9    0x7a  Code  Gb  stm32g4xx_hal_tim.o [4]
HAL_TIM_Base_MspInit     0x800'0dc1    0x4e  Code  Gb  stm32g4xx_hal_msp.o [2]
HAL_TIM_Base_Start       0x800'1f63    0x7e  Code  Gb  stm32g4xx_hal_tim.o [4]
HAL_TIM_Base_Start_IT    0x800'1fe1    0x8a  Code  Gb  stm32g4xx_hal_tim.o [4]
HAL_TIM_IC_CaptureCallback
                         0x800'4435     0x2  Code  Wk  stm32g4xx_hal_tim.o [4]
HAL_TIM_IRQHandler       0x800'2085   0x1ae  Code  Gb  stm32g4xx_hal_tim.o [4]
HAL_TIM_OC_DelayElapsedCallback
                         0x800'4437     0x2  Code  Wk  stm32g4xx_hal_tim.o [4]
HAL_TIM_PWM_PulseFinishedCallback
                         0x800'4439     0x2  Code  Wk  stm32g4xx_hal_tim.o [4]
HAL_TIM_PeriodElapsedCallback
                         0x800'1211    0x2e  Code  Gb  main.o [2]
HAL_TIM_TriggerCallback
                         0x800'443f     0x2  Code  Wk  stm32g4xx_hal_tim.o [4]
HAL_UARTEx_DisableFifoMode
                         0x800'4285    0x44  Code  Gb  stm32g4xx_hal_uart_ex.o [4]
HAL_UARTEx_SetRxFifoThreshold
                         0x800'431d    0x54  Code  Gb  stm32g4xx_hal_uart_ex.o [4]
HAL_UARTEx_SetTxFifoThreshold
                         0x800'42c9    0x54  Code  Gb  stm32g4xx_hal_uart_ex.o [4]
HAL_UART_Init            0x800'3bf9    0x7e  Code  Gb  stm32g4xx_hal_uart.o [4]
HAL_UART_MspInit         0x800'0e0f    0x82  Code  Gb  stm32g4xx_hal_msp.o [2]
HardFault_Handler        0x800'4a3f     0x2  Code  Gb  stm32g4xx_it.o [2]
I2C1_ER_IRQHandler       0x800'4c31          Code  Wk  startup_stm32g431xx.o [1]
I2C1_EV_IRQHandler       0x800'4c2d          Code  Wk  startup_stm32g431xx.o [1]
I2C2_ER_IRQHandler       0x800'4c39          Code  Wk  startup_stm32g431xx.o [1]
I2C2_EV_IRQHandler       0x800'4c35          Code  Wk  startup_stm32g431xx.o [1]
I2C3_ER_IRQHandler       0x800'4cb5          Code  Wk  startup_stm32g431xx.o [1]
I2C3_EV_IRQHandler       0x800'4cb1          Code  Wk  startup_stm32g431xx.o [1]
LL_ADC_Disable           0x800'034b    0x10  Code  Lc  stm32g4xx_hal_adc.o [4]
LL_ADC_DisableDeepPowerDown
                         0x800'030b     0xc  Code  Lc  stm32g4xx_hal_adc.o [4]
LL_ADC_Enable            0x800'033b    0x10  Code  Lc  stm32g4xx_hal_adc.o [4]
LL_ADC_EnableInternalRegulator
                         0x800'0321    0x10  Code  Lc  stm32g4xx_hal_adc.o [4]
LL_ADC_GetCommonPathInternalCh
                         0x800'01f1     0x8  Code  Lc  stm32g4xx_hal_adc.o [4]
LL_ADC_GetCommonPathInternalCh
                         0x800'231d     0x8  Code  Lc  stm32g4xx_hal_adc_ex.o [4]
LL_ADC_GetMultimode      0x800'0303     0x8  Code  Lc  stm32g4xx_hal_adc.o [4]
LL_ADC_GetOffsetChannel
                         0x800'021d     0xe  Code  Lc  stm32g4xx_hal_adc.o [4]
LL_ADC_GetOffsetChannel
                         0x800'2349     0xe  Code  Lc  stm32g4xx_hal_adc_ex.o [4]
LL_ADC_INJ_IsConversionOngoing
                         0x800'0387     0xa  Code  Lc  stm32g4xx_hal_adc.o [4]
LL_ADC_INJ_IsConversionOngoing
                         0x800'241d     0xa  Code  Lc  stm32g4xx_hal_adc_ex.o [4]
LL_ADC_IsCalibrationOnGoing
                         0x800'240d     0x6  Code  Lc  stm32g4xx_hal_adc_ex.o [4]
LL_ADC_IsDeepPowerDownEnabled
                         0x800'0317     0xa  Code  Lc  stm32g4xx_hal_adc.o [4]
LL_ADC_IsDisableOngoing
                         0x800'0363     0xa  Code  Lc  stm32g4xx_hal_adc.o [4]
LL_ADC_IsEnabled         0x800'035b     0x8  Code  Lc  stm32g4xx_hal_adc.o [4]
LL_ADC_IsEnabled         0x800'23ef     0x8  Code  Lc  stm32g4xx_hal_adc_ex.o [4]
LL_ADC_IsInternalRegulatorEnabled
                         0x800'0331     0xa  Code  Lc  stm32g4xx_hal_adc.o [4]
LL_ADC_REG_IsConversionOngoing
                         0x800'037d     0xa  Code  Lc  stm32g4xx_hal_adc.o [4]
LL_ADC_REG_IsConversionOngoing
                         0x800'2413     0xa  Code  Lc  stm32g4xx_hal_adc_ex.o [4]
LL_ADC_REG_IsTriggerSourceSWStart
                         0x800'026d    0x10  Code  Lc  stm32g4xx_hal_adc.o [4]
LL_ADC_REG_SetSequencerRanks
                         0x800'027d    0x30  Code  Lc  stm32g4xx_hal_adc.o [4]
LL_ADC_REG_StartConversion
                         0x800'036d    0x10  Code  Lc  stm32g4xx_hal_adc.o [4]
LL_ADC_SetChannelSamplingTime
                         0x800'02ad    0x30  Code  Lc  stm32g4xx_hal_adc.o [4]
LL_ADC_SetChannelSamplingTime
                         0x800'2399    0x30  Code  Lc  stm32g4xx_hal_adc_ex.o [4]
LL_ADC_SetChannelSingleDiff
                         0x800'02dd    0x26  Code  Lc  stm32g4xx_hal_adc.o [4]
LL_ADC_SetChannelSingleDiff
                         0x800'23c9    0x26  Code  Lc  stm32g4xx_hal_adc_ex.o [4]
LL_ADC_SetCommonClock    0x800'01d9     0xc  Code  Lc  stm32g4xx_hal_adc.o [4]
LL_ADC_SetCommonPathInternalCh
                         0x800'01e5     0xc  Code  Lc  stm32g4xx_hal_adc.o [4]
LL_ADC_SetCommonPathInternalCh
                         0x800'2311     0xc  Code  Lc  stm32g4xx_hal_adc_ex.o [4]
LL_ADC_SetOffset         0x800'01f9    0x24  Code  Lc  stm32g4xx_hal_adc.o [4]
LL_ADC_SetOffset         0x800'2325    0x24  Code  Lc  stm32g4xx_hal_adc_ex.o [4]
LL_ADC_SetOffsetSaturation
                         0x800'024f    0x12  Code  Lc  stm32g4xx_hal_adc.o [4]
LL_ADC_SetOffsetSaturation
                         0x800'237b    0x12  Code  Lc  stm32g4xx_hal_adc_ex.o [4]
LL_ADC_SetOffsetSign     0x800'023d    0x12  Code  Lc  stm32g4xx_hal_adc.o [4]
LL_ADC_SetOffsetSign     0x800'2369    0x12  Code  Lc  stm32g4xx_hal_adc_ex.o [4]
LL_ADC_SetOffsetState    0x800'022b    0x12  Code  Lc  stm32g4xx_hal_adc.o [4]
LL_ADC_SetOffsetState    0x800'2357    0x12  Code  Lc  stm32g4xx_hal_adc_ex.o [4]
LL_ADC_SetSamplingTimeCommonConfig
                         0x800'0261     0xc  Code  Lc  stm32g4xx_hal_adc.o [4]
LL_ADC_SetSamplingTimeCommonConfig
                         0x800'238d     0xc  Code  Lc  stm32g4xx_hal_adc_ex.o [4]
LL_ADC_StartCalibration
                         0x800'23f7    0x16  Code  Lc  stm32g4xx_hal_adc_ex.o [4]
LPTIM1_IRQHandler        0x800'4c6d          Code  Wk  startup_stm32g431xx.o [1]
LPUART1_IRQHandler       0x800'4cad          Code  Wk  startup_stm32g431xx.o [1]
LedState                0x2000'1b28     0x1  Data  Gb  main.o [2]
MX_ADC1_Init             0x800'1405   0x152  Code  Lc  main.o [2]
MX_DMA_Init              0x800'166d    0x3a  Code  Lc  main.o [2]
MX_GPIO_Init             0x800'16a7    0x88  Code  Lc  main.o [2]
MX_TIM6_Init             0x800'155d    0x50  Code  Lc  main.o [2]
MX_TIM7_Init             0x800'15ad    0x50  Code  Lc  main.o [2]
MX_USART2_UART_Init      0x800'15fd    0x70  Code  Lc  main.o [2]
MemManage_Handler        0x800'4a41     0x2  Code  Gb  stm32g4xx_it.o [2]
NMI_Handler              0x800'4a3d     0x2  Code  Gb  stm32g4xx_it.o [2]
NVIC_EncodePriority      0x800'1dc9    0x3c  Code  Lc  stm32g4xx_hal_cortex.o [4]
PVD_PVM_IRQHandler       0x800'4bbd          Code  Wk  startup_stm32g431xx.o [1]
PendSV_Handler           0x800'4a4b     0x2  Code  Gb  stm32g4xx_it.o [2]
RCC_GetSysClockFreqFromPLLSource
                         0x800'3ab9    0x42  Code  Lc  stm32g4xx_hal_rcc.o [4]
RCC_IRQHandler           0x800'4bcd          Code  Wk  startup_stm32g431xx.o [1]
RNG_IRQHandler           0x800'4ca9          Code  Wk  startup_stm32g431xx.o [1]
RTC_Alarm_IRQHandler     0x800'4c55          Code  Wk  startup_stm32g431xx.o [1]
RTC_TAMP_LSECSS_IRQHandler
                         0x800'4bc1          Code  Wk  startup_stm32g431xx.o [1]
RTC_WKUP_IRQHandler      0x800'4bc5          Code  Wk  startup_stm32g431xx.o [1]
Region$$Table$$Base      0x800'4ad4           --   Gb  - Linker created -
Region$$Table$$Limit     0x800'4af4           --   Gb  - Linker created -
Reset_Handler            0x800'4b81          Code  Wk  startup_stm32g431xx.o [1]
SAI1_IRQHandler          0x800'4ca1          Code  Wk  startup_stm32g431xx.o [1]
SPI1_IRQHandler          0x800'4c3d          Code  Wk  startup_stm32g431xx.o [1]
SPI2_IRQHandler          0x800'4c41          Code  Wk  startup_stm32g431xx.o [1]
SPI3_IRQHandler          0x800'4c71          Code  Wk  startup_stm32g431xx.o [1]
SVC_Handler              0x800'4a47     0x2  Code  Gb  stm32g4xx_it.o [2]
SysTick_Config           0x800'1e05    0x2e  Code  Lc  stm32g4xx_hal_cortex.o [4]
SysTick_Handler          0x800'4a4d     0x8  Code  Gb  stm32g4xx_it.o [2]
SystemClock_Config       0x800'1387    0x7e  Code  Gb  main.o [2]
SystemCoreClock         0x2000'0008     0x4  Data  Gb  system_stm32g4xx.o [3]
SystemInit               0x800'4b91     0xc  Code  Gb  system_stm32g4xx.o [3]
TIM1_BRK_TIM15_IRQHandler
                         0x800'4c11          Code  Wk  startup_stm32g431xx.o [1]
TIM1_CC_IRQHandler       0x800'4c1d          Code  Wk  startup_stm32g431xx.o [1]
TIM1_TRG_COM_TIM17_IRQHandler
                         0x800'4c19          Code  Wk  startup_stm32g431xx.o [1]
TIM1_UP_TIM16_IRQHandler
                         0x800'4c15          Code  Wk  startup_stm32g431xx.o [1]
TIM2_IRQHandler          0x800'4c21          Code  Wk  startup_stm32g431xx.o [1]
TIM3_IRQHandler          0x800'4c25          Code  Wk  startup_stm32g431xx.o [1]
TIM4_IRQHandler          0x800'4c29          Code  Wk  startup_stm32g431xx.o [1]
TIM6_DAC_IRQHandler      0x800'4c79          Code  Wk  startup_stm32g431xx.o [1]
TIM7_IRQHandler          0x800'4a5f     0xa  Code  Gb  stm32g4xx_it.o [2]
TIM8_BRK_IRQHandler      0x800'4c5d          Code  Wk  startup_stm32g431xx.o [1]
TIM8_CC_IRQHandler       0x800'4c69          Code  Wk  startup_stm32g431xx.o [1]
TIM8_TRG_COM_IRQHandler
                         0x800'4c65          Code  Wk  startup_stm32g431xx.o [1]
TIM8_UP_IRQHandler       0x800'4c61          Code  Wk  startup_stm32g431xx.o [1]
TIM_Base_SetConfig       0x800'2233    0xc0  Code  Gb  stm32g4xx_hal_tim.o [4]
UART4_IRQHandler         0x800'4c75          Code  Wk  startup_stm32g431xx.o [1]
UARTEx_SetNbDataToProcess
                         0x800'4371    0x5e  Code  Lc  stm32g4xx_hal_uart_ex.o [4]
UARTEx_SetNbDataToProcess::denominator
                         0x800'4ba8     0x8  Data  Lc  stm32g4xx_hal_uart_ex.o [4]
UARTEx_SetNbDataToProcess::numerator
                         0x800'4ba0     0x8  Data  Lc  stm32g4xx_hal_uart_ex.o [4]
UARTPrescTable           0x800'4b58    0x18  Data  Gb  stm32g4xx_hal_uart.o [4]
UART_AdvFeatureConfig    0x800'3fad    0xda  Code  Gb  stm32g4xx_hal_uart.o [4]
UART_CheckIdleState      0x800'4087    0xd0  Code  Gb  stm32g4xx_hal_uart.o [4]
UART_EndRxTransfer       0x800'41f7    0x5a  Code  Lc  stm32g4xx_hal_uart.o [4]
UART_SetConfig           0x800'3c77   0x334  Code  Gb  stm32g4xx_hal_uart.o [4]
UART_WaitOnFlagUntilTimeout
                         0x800'4157    0xa0  Code  Gb  stm32g4xx_hal_uart.o [4]
UCPD1_IRQHandler         0x800'4c91          Code  Wk  startup_stm32g431xx.o [1]
USART1_IRQHandler        0x800'4c45          Code  Wk  startup_stm32g431xx.o [1]
USART2_IRQHandler        0x800'4c49          Code  Wk  startup_stm32g431xx.o [1]
USART3_IRQHandler        0x800'4c4d          Code  Wk  startup_stm32g431xx.o [1]
USBWakeUp_IRQHandler     0x800'4c59          Code  Wk  startup_stm32g431xx.o [1]
USB_HP_IRQHandler        0x800'4bfd          Code  Wk  startup_stm32g431xx.o [1]
USB_LP_IRQHandler        0x800'4c01          Code  Wk  startup_stm32g431xx.o [1]
UsageFault_Handler       0x800'4a45     0x2  Code  Gb  stm32g4xx_it.o [2]
WWDG_IRQHandler          0x800'4bb9          Code  Wk  startup_stm32g431xx.o [1]
__NVIC_EnableIRQ         0x800'1d89    0x1c  Code  Lc  stm32g4xx_hal_cortex.o [4]
__NVIC_GetPriorityGrouping
                         0x800'1d7f     0xa  Code  Lc  stm32g4xx_hal_cortex.o [4]
__NVIC_SetPriority       0x800'1da5    0x24  Code  Lc  stm32g4xx_hal_cortex.o [4]
__NVIC_SetPriorityGrouping
                         0x800'1d65    0x1a  Code  Lc  stm32g4xx_hal_cortex.o [4]
__aeabi_d2f              0x800'30c1          Code  Gb  DblToFlt.o [7]
__aeabi_ddiv             0x800'2e79          Code  Gb  DblDiv.o [7]
__aeabi_dmul             0x800'44e5          Code  Gb  DblMul.o [7]
__aeabi_f2d              0x800'449d          Code  Gb  FltToDbl.o [7]
__aeabi_ldiv0            0x800'492d          Code  Gb  I64DivZer.o [8]
__aeabi_memset           0x800'3361          Code  Gb  ABImemset.o [8]
__aeabi_ui2d             0x800'2e5d          Code  Gb  U32ToDbl.o [7]
__aeabi_uldivmod         0x800'46fd          Code  Gb  I64DivMod.o [8]
__cmain                  0x800'4af5          Code  Gb  cmain.o [8]
__exit                   0x800'4b29    0x14  Code  Gb  exit.o [9]
__iar_Memset             0x800'3361          Code  Gb  ABImemset.o [8]
__iar_Memset_word        0x800'3369          Code  Gb  ABImemset.o [8]
__iar_data_init3         0x800'4a89    0x28  Code  Gb  data_init.o [8]
__iar_fmax64             0x800'46a5          Code  Gb  fmax.o [7]
__iar_fmin32             0x800'46d5          Code  Gb  fminf.o [7]
__iar_init_vfp           0x800'4ab1          Code  Gb  fpinit_M.o [7]
__iar_packbits_init_single3
                         0x800'1eaf    0x3a  Code  Gb  packbits_init_single.o [8]
__iar_program_start      0x800'4b3d          Code  Gb  cstartup_M.o [8]
__iar_vfp___iar_fmax64   0x800'4691          Code  Gb  fmax.o [7]
__iar_vfp_fmax           0x800'4691          Code  Gb  fmax.o [7]
__iar_vfp_fmaxl          0x800'4691          Code  Gb  fmax.o [7]
__iar_zero_init3         0x800'4a05    0x38  Code  Gb  zero_init3.o [8]
__low_level_init         0x800'4b13     0x4  Code  Gb  low_level_init.o [5]
__vector_table           0x800'0000          Data  Gb  startup_stm32g431xx.o [1]
_call_main               0x800'4b01          Code  Gb  cmain.o [8]
_exit                    0x800'4b1d          Code  Gb  cexit.o [8]
adc_buff_counter        0x2000'1b1c     0x4  Data  Gb  main.o [2]
adc_data                0x2000'1ae8    0x1c  Data  Gb  main.o [2]
adc_raw_data            0x2000'1b04     0xc  Data  Gb  main.o [2]
cnt_adc_int             0x2000'1b18     0x4  Data  Gb  main.o [2]
dbg_anc_int_per_1ec     0x2000'1b14     0x4  Data  Gb  main.o [2]
exit                     0x800'4b17     0x4  Code  Gb  exit.o [5]
fmax                     0x800'46a5          Code  Gb  fmax.o [7]
fmaxl                    0x800'46a5          Code  Gb  fmax.o [7]
fminf                    0x800'46d5          Code  Gb  fminf.o [7]
funchad56.constprop.0    0x800'444d    0x50  Code  Lc  NanoEdgeAI.o [6]
hadc1                   0x2000'1948    0x6c  Data  Gb  main.o [2]
hdma_adc1               0x2000'19b4    0x60  Data  Gb  main.o [2]
htim6                   0x2000'1a14    0x4c  Data  Gb  main.o [2]
htim7                   0x2000'1a60    0x4c  Data  Gb  main.o [2]
huart2                  0x2000'18b4    0x94  Data  Gb  main.o [2]
input_user_buffer       0x2000'00b4  0x1800  Data  Gb  main.o [2]
knowledge                0x800'4930    0xd4  Data  Gb  main.o [2]
main                     0x800'1241   0x146  Code  Gb  main.o [2]
main::similarity        0x2000'1b2a     0x1  Data  Lc  main.o [2]
memset                   0x800'18a5    0x14  Code  Gb  memset.o [8]
neai_anomalydetection_detect
                         0x800'3129   0x238  Code  Gb  NanoEdgeAI.o [6]
neai_anomalydetection_init
                         0x800'2b55    0xac  Code  Gb  NanoEdgeAI.o [6]
neai_anomalydetection_knowledge
                         0x800'2c01   0x25c  Code  Gb  NanoEdgeAI.o [6]
neai_learn_state        0x2000'1b29     0x1  Data  Gb  main.o [2]
rawf_adc1_ch1_val       0x2000'1b10     0x4  Data  Gb  main.o [2]
uwTick                  0x2000'1b20     0x4  Data  Gb  stm32g4xx_hal.o [4]
uwTickFreq              0x2000'0004     0x4  Data  Gb  stm32g4xx_hal.o [4]
uwTickPrio              0x2000'0000     0x4  Data  Gb  stm32g4xx_hal.o [4]


[1] = C:\STM32_Rep\Nucleo_G431K_data_logger\Nucleo_G431K_data_logger\EWARM\Nucleo_G431K_data_logger\Obj\Application\EWARM
[2] = C:\STM32_Rep\Nucleo_G431K_data_logger\Nucleo_G431K_data_logger\EWARM\Nucleo_G431K_data_logger\Obj\Application\User\Core
[3] = C:\STM32_Rep\Nucleo_G431K_data_logger\Nucleo_G431K_data_logger\EWARM\Nucleo_G431K_data_logger\Obj\Drivers\CMSIS
[4] = C:\STM32_Rep\Nucleo_G431K_data_logger\Nucleo_G431K_data_logger\EWARM\Nucleo_G431K_data_logger\Obj\Drivers\STM32G4xx_HAL_Driver
[5] = dl7M_tlf.a
[6] = libneai.a
[7] = m7M_tls.a
[8] = rt7M_tl.a
[9] = shb_l.a

  19'344 bytes of readonly  code memory
     332 bytes of readonly  data memory
  12'075 bytes of readwrite data memory

Errors: none
Warnings: none
