###############################################################################
#
# IAR ELF Linker V9.32.1.338/W64 for ARM                  24/Mar/2024  15:13:11
# Copyright 2007-2022 IAR Systems AB.
#
#    Output file  =
#        C:\STM32_Rep\Nucleo_G431K_data_logger\Nucleo_G431K_data_logger\EWARM\Nucleo_G431K_data_logger\Exe\Nucleo_G431K_data_logger.out
#    Map file     =
#        C:\STM32_Rep\Nucleo_G431K_data_logger\Nucleo_G431K_data_logger\EWARM\Nucleo_G431K_data_logger\List\Nucleo_G431K_data_logger.map
#    Command line =
#        -f
#        C:\STM32_Rep\Nucleo_G431K_data_logger\Nucleo_G431K_data_logger\EWARM\Nucleo_G431K_data_logger\Exe\Nucleo_G431K_data_logger.out.rsp
#        (C:\STM32_Rep\Nucleo_G431K_data_logger\Nucleo_G431K_data_logger\EWARM\Nucleo_G431K_data_logger\Obj\Application\User\Core\main.o
#        C:\STM32_Rep\Nucleo_G431K_data_logger\Nucleo_G431K_data_logger\EWARM\Nucleo_G431K_data_logger\Obj\Application\EWARM\startup_stm32g431xx.o
#        C:\STM32_Rep\Nucleo_G431K_data_logger\Nucleo_G431K_data_logger\EWARM\Nucleo_G431K_data_logger\Obj\Drivers\STM32G4xx_HAL_Driver\stm32g4xx_hal.o
#        C:\STM32_Rep\Nucleo_G431K_data_logger\Nucleo_G431K_data_logger\EWARM\Nucleo_G431K_data_logger\Obj\Drivers\STM32G4xx_HAL_Driver\stm32g4xx_hal_adc.o
#        C:\STM32_Rep\Nucleo_G431K_data_logger\Nucleo_G431K_data_logger\EWARM\Nucleo_G431K_data_logger\Obj\Drivers\STM32G4xx_HAL_Driver\stm32g4xx_hal_adc_ex.o
#        C:\STM32_Rep\Nucleo_G431K_data_logger\Nucleo_G431K_data_logger\EWARM\Nucleo_G431K_data_logger\Obj\Drivers\STM32G4xx_HAL_Driver\stm32g4xx_hal_cortex.o
#        C:\STM32_Rep\Nucleo_G431K_data_logger\Nucleo_G431K_data_logger\EWARM\Nucleo_G431K_data_logger\Obj\Drivers\STM32G4xx_HAL_Driver\stm32g4xx_hal_dma.o
#        C:\STM32_Rep\Nucleo_G431K_data_logger\Nucleo_G431K_data_logger\EWARM\Nucleo_G431K_data_logger\Obj\Drivers\STM32G4xx_HAL_Driver\stm32g4xx_hal_dma_ex.o
#        C:\STM32_Rep\Nucleo_G431K_data_logger\Nucleo_G431K_data_logger\EWARM\Nucleo_G431K_data_logger\Obj\Drivers\STM32G4xx_HAL_Driver\stm32g4xx_hal_exti.o
#        C:\STM32_Rep\Nucleo_G431K_data_logger\Nucleo_G431K_data_logger\EWARM\Nucleo_G431K_data_logger\Obj\Drivers\STM32G4xx_HAL_Driver\stm32g4xx_hal_flash.o
#        C:\STM32_Rep\Nucleo_G431K_data_logger\Nucleo_G431K_data_logger\EWARM\Nucleo_G431K_data_logger\Obj\Drivers\STM32G4xx_HAL_Driver\stm32g4xx_hal_flash_ex.o
#        C:\STM32_Rep\Nucleo_G431K_data_logger\Nucleo_G431K_data_logger\EWARM\Nucleo_G431K_data_logger\Obj\Drivers\STM32G4xx_HAL_Driver\stm32g4xx_hal_flash_ramfunc.o
#        C:\STM32_Rep\Nucleo_G431K_data_logger\Nucleo_G431K_data_logger\EWARM\Nucleo_G431K_data_logger\Obj\Drivers\STM32G4xx_HAL_Driver\stm32g4xx_hal_gpio.o
#        C:\STM32_Rep\Nucleo_G431K_data_logger\Nucleo_G431K_data_logger\EWARM\Nucleo_G431K_data_logger\Obj\Application\User\Core\stm32g4xx_hal_msp.o
#        C:\STM32_Rep\Nucleo_G431K_data_logger\Nucleo_G431K_data_logger\EWARM\Nucleo_G431K_data_logger\Obj\Drivers\STM32G4xx_HAL_Driver\stm32g4xx_hal_pwr.o
#        C:\STM32_Rep\Nucleo_G431K_data_logger\Nucleo_G431K_data_logger\EWARM\Nucleo_G431K_data_logger\Obj\Drivers\STM32G4xx_HAL_Driver\stm32g4xx_hal_pwr_ex.o
#        C:\STM32_Rep\Nucleo_G431K_data_logger\Nucleo_G431K_data_logger\EWARM\Nucleo_G431K_data_logger\Obj\Drivers\STM32G4xx_HAL_Driver\stm32g4xx_hal_rcc.o
#        C:\STM32_Rep\Nucleo_G431K_data_logger\Nucleo_G431K_data_logger\EWARM\Nucleo_G431K_data_logger\Obj\Drivers\STM32G4xx_HAL_Driver\stm32g4xx_hal_rcc_ex.o
#        C:\STM32_Rep\Nucleo_G431K_data_logger\Nucleo_G431K_data_logger\EWARM\Nucleo_G431K_data_logger\Obj\Drivers\STM32G4xx_HAL_Driver\stm32g4xx_hal_tim.o
#        C:\STM32_Rep\Nucleo_G431K_data_logger\Nucleo_G431K_data_logger\EWARM\Nucleo_G431K_data_logger\Obj\Drivers\STM32G4xx_HAL_Driver\stm32g4xx_hal_tim_ex.o
#        C:\STM32_Rep\Nucleo_G431K_data_logger\Nucleo_G431K_data_logger\EWARM\Nucleo_G431K_data_logger\Obj\Drivers\STM32G4xx_HAL_Driver\stm32g4xx_hal_uart.o
#        C:\STM32_Rep\Nucleo_G431K_data_logger\Nucleo_G431K_data_logger\EWARM\Nucleo_G431K_data_logger\Obj\Drivers\STM32G4xx_HAL_Driver\stm32g4xx_hal_uart_ex.o
#        C:\STM32_Rep\Nucleo_G431K_data_logger\Nucleo_G431K_data_logger\EWARM\Nucleo_G431K_data_logger\Obj\Application\User\Core\stm32g4xx_it.o
#        C:\STM32_Rep\Nucleo_G431K_data_logger\Nucleo_G431K_data_logger\EWARM\Nucleo_G431K_data_logger\Obj\Drivers\STM32G4xx_HAL_Driver\stm32g4xx_ll_adc.o
#        C:\STM32_Rep\Nucleo_G431K_data_logger\Nucleo_G431K_data_logger\EWARM\Nucleo_G431K_data_logger\Obj\Drivers\CMSIS\system_stm32g4xx.o
#        --no_out_extension -o
#        C:\STM32_Rep\Nucleo_G431K_data_logger\Nucleo_G431K_data_logger\EWARM\Nucleo_G431K_data_logger\Exe\Nucleo_G431K_data_logger.out
#        --redirect _Printf=_PrintfFullNoMb --redirect _Scanf=_ScanfFullNoMb
#        --map
#        C:\STM32_Rep\Nucleo_G431K_data_logger\Nucleo_G431K_data_logger\EWARM\Nucleo_G431K_data_logger\List\Nucleo_G431K_data_logger.map
#        --config
#        C:\STM32_Rep\Nucleo_G431K_data_logger\Nucleo_G431K_data_logger\EWARM/stm32g431xx_flash.icf
#        --semihosting --entry __iar_program_start --vfe --text_out locale
#        --cpu=Cortex-M4 --fpu=VFPv4_sp)
#
###############################################################################

*******************************************************************************
*** RUNTIME MODEL ATTRIBUTES
***

CppFlavor       = *
__CPP_Runtime   = 1
__SystemLibrary = DLib
__dlib_version  = 6


*******************************************************************************
*** HEAP SELECTION
***

The basic heap was selected because --advanced_heap
was not specified and the application did not appear to
be primarily optimized for speed.


*******************************************************************************
*** PLACEMENT SUMMARY
***

"A0":  place at address 0x800'0000 { ro section .intvec };
"P1":  place in [from 0x800'0000 to 0x801'ffff] { ro };
define block CSTACK with size = 1K, alignment = 8 { };
define block HEAP with size = 512, alignment = 8 { };
"P2":  place in [from 0x2000'0000 to 0x2000'7fff] {
          rw, block CSTACK, block HEAP };
initialize by copy { rw };

  Section            Kind         Address    Size  Object
  -------            ----         -------    ----  ------
"A0":                                       0x1d8
  .intvec            ro code   0x800'0000   0x1d8  startup_stm32g431xx.o [1]
                             - 0x800'01d8   0x1d8

"P1":                                      0x6004
  .text              ro code   0x800'01d8   0xeca  xprintffull_nomb.o [5]
  .text              ro code   0x800'10a2    0x2a  copy_init3.o [7]
  .text              ro code   0x800'10cc    0x16  strchr.o [7]
  .text              ro code   0x800'10e2     0xa  xsprout.o [5]
  .text              ro code   0x800'10ec    0x40  xfail_s.o [5]
  .text              ro code   0x800'112c    0x36  strlen.o [7]
  .rodata            const     0x800'1162     0x2  xlocale_c.o [5]
  .text              ro code   0x800'1164    0x58  memchr.o [7]
  .text              ro code   0x800'11bc    0xa6  ABImemcpy.o [7]
  .rodata            const     0x800'1262     0x1  xlocale_c.o [5]
  .text              ro code   0x800'1264    0x70  frexp.o [6]
  .text              ro code   0x800'12d4    0x34  DblCmpLe.o [6]
  .text              ro code   0x800'1308    0x34  DblCmpGe.o [6]
  .text              ro code   0x800'133c   0x13a  ldexp.o [6]
  .text              ro code   0x800'1478    0x36  DblToS32.o [6]
  .text              ro code   0x800'14b0    0x22  S32ToDbl.o [6]
  .text              ro code   0x800'14d4   0x24e  DblAddSub.o [6]
  .text              ro code   0x800'1724   0x246  DblDiv.o [6]
  .text              ro code   0x800'196c    0x22  DblToU32.o [6]
  .text              ro code   0x800'1990    0x1c  U32ToDbl.o [6]
  .text              ro code   0x800'19ac   0x1aa  DblMul.o [6]
  .text              ro code   0x800'1b58     0x8  xlocale_c.o [5]
  .text              ro code   0x800'1b60   0x230  I64DivMod.o [7]
  .text              ro code   0x800'1d90     0x6  abort.o [5]
  .text              ro code   0x800'1d98     0x2  I64DivZer.o [7]
  .text              ro code   0x800'1d9c    0x14  exit.o [8]
  .text              ro code   0x800'1db0   0xc02  stm32g4xx_hal_adc.o [4]
  .text              ro code   0x800'29b4   0x1dc  stm32g4xx_hal_msp.o [2]
  .text              ro code   0x800'2b90   0x354  stm32g4xx_hal_dma.o [4]
  .text              ro code   0x800'2ee4     0xc  stm32g4xx_hal.o [4]
  .text              ro code   0x800'2ef0     0x2  stm32g4xx_hal_adc.o [4]
  .text              ro code   0x800'2ef2     0x2  stm32g4xx_hal_adc.o [4]
  .text              ro code   0x800'2ef4   0x5b4  main.o [2]
  .text              ro code   0x800'34a8   0x114  stm32g4xx_hal_pwr_ex.o [4]
  .text              ro code   0x800'35bc    0x14  memset.o [7]
  .text              ro code   0x800'35d0   0x2e8  stm32g4xx_hal_rcc_ex.o [4]
  .text              ro code   0x800'38b8   0x208  stm32g4xx_hal_gpio.o [4]
  .text              ro code   0x800'3ac0   0x150  stm32g4xx_hal_cortex.o [4]
  .text              ro code   0x800'3c10    0x24  stm32g4xx_hal.o [4]
  .text              ro code   0x800'3c34   0x428  stm32g4xx_hal_tim.o [4]
  .text              ro code   0x800'405c   0xa98  stm32g4xx_hal_adc_ex.o [4]
  .text              ro code   0x800'4af4    0x28  stm32g4xx_hal.o [4]
  .text              ro code   0x800'4b1c    0x68  DblToFlt.o [6]
  .text              ro code   0x800'4b84    0x48  FltToDbl.o [6]
  .text              ro code   0x800'4bcc    0x40  sprintf.o [5]
  .text              ro code   0x800'4c0c   0x7ac  stm32g4xx_hal_uart.o [4]
  .text              ro code   0x800'53b8    0x66  ABImemset.o [7]
  .text              ro code   0x800'5420   0x810  stm32g4xx_hal_rcc.o [4]
  .text              ro code   0x800'5c30    0xbc  stm32g4xx_hal_tim_ex.o [4]
  .text              ro code   0x800'5cec   0x170  stm32g4xx_hal_uart_ex.o [4]
  .text              ro code   0x800'5e5c    0x60  stm32g4xx_hal.o [4]
  .text              ro code   0x800'5ebc     0x2  stm32g4xx_hal_tim.o [4]
  .text              ro code   0x800'5ebe     0x2  stm32g4xx_hal_tim.o [4]
  .text              ro code   0x800'5ec0     0x2  stm32g4xx_hal_tim.o [4]
  .text              ro code   0x800'5ec2     0x2  stm32g4xx_hal_tim_ex.o [4]
  .text              ro code   0x800'5ec4     0x2  stm32g4xx_hal_tim_ex.o [4]
  .text              ro code   0x800'5ec6     0x2  stm32g4xx_hal_tim.o [4]
  .text              ro code   0x800'5ec8     0x2  stm32g4xx_hal_tim_ex.o [4]
  .text              ro code   0x800'5eca     0x2  stm32g4xx_hal_tim_ex.o [4]
  .text              ro code   0x800'5ecc     0x2  stm32g4xx_hal_tim_ex.o [4]
  .text              ro code   0x800'5ece     0x2  stm32g4xx_hal_tim_ex.o [4]
  .text              ro code   0x800'5ed0     0x2  stm32g4xx_hal_tim_ex.o [4]
  Initializer bytes  const     0x800'5ed4    0x44  <for P2-1>
  .text              ro code   0x800'5f18    0x38  zero_init3.o [7]
  .text              ro code   0x800'5f50    0x34  stm32g4xx_it.o [2]
  .text              ro code   0x800'5f84    0x18  stm32g4xx_hal.o [4]
  .text              ro code   0x800'5f9c    0x28  data_init.o [7]
  .text              ro code   0x800'5fc4    0x22  fpinit_M.o [6]
  .iar.init_table    const     0x800'5fe8    0x24  - Linker created -
  .text              ro code   0x800'600c    0x1e  cmain.o [7]
  .text              ro code   0x800'602a     0x4  low_level_init.o [5]
  .text              ro code   0x800'602e     0x4  exit.o [5]
  .text              ro code   0x800'6034     0xa  cexit.o [7]
  .text              ro code   0x800'6040    0x1c  cstartup_M.o [7]
  .rodata            const     0x800'605c    0x18  stm32g4xx_hal_uart.o [4]
  .rodata            const     0x800'6074    0x10  system_stm32g4xx.o [3]
  .text              ro code   0x800'6084    0x10  startup_stm32g431xx.o [1]
  .text              ro code   0x800'6094    0x10  system_stm32g4xx.o [3]
  .rodata            const     0x800'60a4     0x8  main.o [2]
  .rodata            const     0x800'60ac     0x8  main.o [2]
  .rodata            const     0x800'60b4     0x8  stm32g4xx_hal_uart_ex.o [4]
  .rodata            const     0x800'60bc     0x8  stm32g4xx_hal_uart_ex.o [4]
  .rodata            const     0x800'60c4     0x8  system_stm32g4xx.o [3]
  .text              ro code   0x800'60cc     0x4  startup_stm32g431xx.o [1]
  .text              ro code   0x800'60d0     0x4  startup_stm32g431xx.o [1]
  .text              ro code   0x800'60d4     0x4  startup_stm32g431xx.o [1]
  .text              ro code   0x800'60d8     0x4  startup_stm32g431xx.o [1]
  .text              ro code   0x800'60dc     0x4  startup_stm32g431xx.o [1]
  .text              ro code   0x800'60e0     0x4  startup_stm32g431xx.o [1]
  .text              ro code   0x800'60e4     0x4  startup_stm32g431xx.o [1]
  .text              ro code   0x800'60e8     0x4  startup_stm32g431xx.o [1]
  .text              ro code   0x800'60ec     0x4  startup_stm32g431xx.o [1]
  .text              ro code   0x800'60f0     0x4  startup_stm32g431xx.o [1]
  .text              ro code   0x800'60f4     0x4  startup_stm32g431xx.o [1]
  .text              ro code   0x800'60f8     0x4  startup_stm32g431xx.o [1]
  .text              ro code   0x800'60fc     0x4  startup_stm32g431xx.o [1]
  .text              ro code   0x800'6100     0x4  startup_stm32g431xx.o [1]
  .text              ro code   0x800'6104     0x4  startup_stm32g431xx.o [1]
  .text              ro code   0x800'6108     0x4  startup_stm32g431xx.o [1]
  .text              ro code   0x800'610c     0x4  startup_stm32g431xx.o [1]
  .text              ro code   0x800'6110     0x4  startup_stm32g431xx.o [1]
  .text              ro code   0x800'6114     0x4  startup_stm32g431xx.o [1]
  .text              ro code   0x800'6118     0x4  startup_stm32g431xx.o [1]
  .text              ro code   0x800'611c     0x4  startup_stm32g431xx.o [1]
  .text              ro code   0x800'6120     0x4  startup_stm32g431xx.o [1]
  .text              ro code   0x800'6124     0x4  startup_stm32g431xx.o [1]
  .text              ro code   0x800'6128     0x4  startup_stm32g431xx.o [1]
  .text              ro code   0x800'612c     0x4  startup_stm32g431xx.o [1]
  .text              ro code   0x800'6130     0x4  startup_stm32g431xx.o [1]
  .text              ro code   0x800'6134     0x4  startup_stm32g431xx.o [1]
  .text              ro code   0x800'6138     0x4  startup_stm32g431xx.o [1]
  .text              ro code   0x800'613c     0x4  startup_stm32g431xx.o [1]
  .text              ro code   0x800'6140     0x4  startup_stm32g431xx.o [1]
  .text              ro code   0x800'6144     0x4  startup_stm32g431xx.o [1]
  .text              ro code   0x800'6148     0x4  startup_stm32g431xx.o [1]
  .text              ro code   0x800'614c     0x4  startup_stm32g431xx.o [1]
  .text              ro code   0x800'6150     0x4  startup_stm32g431xx.o [1]
  .text              ro code   0x800'6154     0x4  startup_stm32g431xx.o [1]
  .text              ro code   0x800'6158     0x4  startup_stm32g431xx.o [1]
  .text              ro code   0x800'615c     0x4  startup_stm32g431xx.o [1]
  .text              ro code   0x800'6160     0x4  startup_stm32g431xx.o [1]
  .text              ro code   0x800'6164     0x4  startup_stm32g431xx.o [1]
  .text              ro code   0x800'6168     0x4  startup_stm32g431xx.o [1]
  .text              ro code   0x800'616c     0x4  startup_stm32g431xx.o [1]
  .text              ro code   0x800'6170     0x4  startup_stm32g431xx.o [1]
  .text              ro code   0x800'6174     0x4  startup_stm32g431xx.o [1]
  .text              ro code   0x800'6178     0x4  startup_stm32g431xx.o [1]
  .text              ro code   0x800'617c     0x4  startup_stm32g431xx.o [1]
  .text              ro code   0x800'6180     0x4  startup_stm32g431xx.o [1]
  .text              ro code   0x800'6184     0x4  startup_stm32g431xx.o [1]
  .text              ro code   0x800'6188     0x4  startup_stm32g431xx.o [1]
  .text              ro code   0x800'618c     0x4  startup_stm32g431xx.o [1]
  .text              ro code   0x800'6190     0x4  startup_stm32g431xx.o [1]
  .text              ro code   0x800'6194     0x4  startup_stm32g431xx.o [1]
  .text              ro code   0x800'6198     0x4  startup_stm32g431xx.o [1]
  .text              ro code   0x800'619c     0x4  startup_stm32g431xx.o [1]
  .text              ro code   0x800'61a0     0x4  startup_stm32g431xx.o [1]
  .text              ro code   0x800'61a4     0x4  startup_stm32g431xx.o [1]
  .text              ro code   0x800'61a8     0x4  startup_stm32g431xx.o [1]
  .text              ro code   0x800'61ac     0x4  startup_stm32g431xx.o [1]
  .text              ro code   0x800'61b0     0x4  startup_stm32g431xx.o [1]
  .text              ro code   0x800'61b4     0x4  startup_stm32g431xx.o [1]
  .text              ro code   0x800'61b8     0x4  startup_stm32g431xx.o [1]
  .text              ro code   0x800'61bc     0x4  startup_stm32g431xx.o [1]
  .text              ro code   0x800'61c0     0x4  startup_stm32g431xx.o [1]
  .text              ro code   0x800'61c4     0x4  startup_stm32g431xx.o [1]
  .text              ro code   0x800'61c8     0x4  startup_stm32g431xx.o [1]
  .text              ro code   0x800'61cc     0x4  startup_stm32g431xx.o [1]
  .text              ro code   0x800'61d0     0x4  startup_stm32g431xx.o [1]
  .text              ro code   0x800'61d4     0x4  startup_stm32g431xx.o [1]
  .text              ro code   0x800'61d8     0x4  startup_stm32g431xx.o [1]
  .rodata            const     0x800'61dc     0x0  zero_init3.o [7]
  .rodata            const     0x800'61dc     0x0  copy_init3.o [7]
                             - 0x800'61dc  0x6004

"P2", part 1 of 3:                           0x44
  P2-1                        0x2000'0000    0x44  <Init block>
    .data            inited   0x2000'0000     0x4  stm32g4xx_hal.o [4]
    .data            inited   0x2000'0004     0x4  stm32g4xx_hal.o [4]
    .data            inited   0x2000'0008     0x4  system_stm32g4xx.o [3]
    .data            inited   0x2000'000c    0x38  xlocale_c.o [5]
                            - 0x2000'0044    0x44

"P2", part 2 of 3:                          0x264
  .bss               zero     0x2000'0044    0x94  main.o [2]
  .bss               zero     0x2000'00d8    0x6c  main.o [2]
  .bss               zero     0x2000'0144    0x60  main.o [2]
  .bss               zero     0x2000'01a4    0x4c  main.o [2]
  .bss               zero     0x2000'01f0    0x4c  main.o [2]
  .bss               zero     0x2000'023c    0x20  main.o [2]
  .bss               zero     0x2000'025c    0x1c  main.o [2]
  .bss               zero     0x2000'0278     0xc  main.o [2]
  .bss               zero     0x2000'0284     0x4  main.o [2]
  .bss               zero     0x2000'0288     0x4  main.o [2]
  .bss               zero     0x2000'028c     0x4  main.o [2]
  .bss               zero     0x2000'0290     0x4  main.o [2]
  .bss               zero     0x2000'0294     0x4  main.o [2]
  .bss               zero     0x2000'0298     0x4  main.o [2]
  .bss               zero     0x2000'029c     0x4  main.o [2]
  .bss               zero     0x2000'02a0     0x4  stm32g4xx_hal.o [4]
  .bss               zero     0x2000'02a4     0x4  xfail_s.o [5]
                            - 0x2000'02a8   0x264

"P2", part 3 of 3:                          0x400
  CSTACK                      0x2000'02a8   0x400  <Block>
    CSTACK           uninit   0x2000'02a8   0x400  <Block tail>
                            - 0x2000'06a8   0x400

Unused ranges:

         From           To      Size
         ----           --      ----
   0x800'61dc   0x801'ffff  0x1'9e24
  0x2000'06a8  0x2000'7fff    0x7958


*******************************************************************************
*** INIT TABLE
***

          Address      Size
          -------      ----
Zero (__iar_zero_init3)
    1 destination range, total size 0x264:
          0x2000'0044  0x264

Copy (__iar_copy_init3)
    1 source range, total size 0x44:
           0x800'5ed4   0x44
    1 destination range, total size 0x44:
          0x2000'0000   0x44



*******************************************************************************
*** MODULE SUMMARY
***

    Module                   ro code  ro data  rw data
    ------                   -------  -------  -------
command line/config:
    --------------------------------------------------
    Total:

C:\STM32_Rep\Nucleo_G431K_data_logger\Nucleo_G431K_data_logger\EWARM\Nucleo_G431K_data_logger\Obj\Application\EWARM: [1]
    startup_stm32g431xx.o        760
    --------------------------------------------------
    Total:                       760

C:\STM32_Rep\Nucleo_G431K_data_logger\Nucleo_G431K_data_logger\EWARM\Nucleo_G431K_data_logger\Obj\Application\User\Core: [2]
    main.o                     1'460       16      604
    stm32g4xx_hal_msp.o          476
    stm32g4xx_it.o                52
    --------------------------------------------------
    Total:                     1'988       16      604

C:\STM32_Rep\Nucleo_G431K_data_logger\Nucleo_G431K_data_logger\EWARM\Nucleo_G431K_data_logger\Obj\Drivers\CMSIS: [3]
    system_stm32g4xx.o            16       28        4
    --------------------------------------------------
    Total:                        16       28        4

C:\STM32_Rep\Nucleo_G431K_data_logger\Nucleo_G431K_data_logger\EWARM\Nucleo_G431K_data_logger\Obj\Drivers\STM32G4xx_HAL_Driver: [4]
    stm32g4xx_hal.o              208        8       12
    stm32g4xx_hal_adc.o        3'078
    stm32g4xx_hal_adc_ex.o     2'712
    stm32g4xx_hal_cortex.o       336
    stm32g4xx_hal_dma.o          852
    stm32g4xx_hal_gpio.o         520
    stm32g4xx_hal_pwr_ex.o       276
    stm32g4xx_hal_rcc.o        2'064
    stm32g4xx_hal_rcc_ex.o       744
    stm32g4xx_hal_tim.o        1'072
    stm32g4xx_hal_tim_ex.o       202
    stm32g4xx_hal_uart.o       1'964       24
    stm32g4xx_hal_uart_ex.o      368       16
    --------------------------------------------------
    Total:                    14'396       48       12

dl7M_tlf.a: [5]
    abort.o                        6
    exit.o                         4
    low_level_init.o               4
    sprintf.o                     64
    xfail_s.o                     64                 4
    xlocale_c.o                    8       59       56
    xprintffull_nomb.o         3'786
    xsprout.o                     10
    --------------------------------------------------
    Total:                     3'946       59       60

m7M_tls.a: [6]
    DblAddSub.o                  590
    DblCmpGe.o                    52
    DblCmpLe.o                    52
    DblDiv.o                     582
    DblMul.o                     426
    DblToFlt.o                   104
    DblToS32.o                    54
    DblToU32.o                    34
    FltToDbl.o                    72
    S32ToDbl.o                    34
    U32ToDbl.o                    28
    fpinit_M.o                    34
    frexp.o                      112
    ldexp.o                      314
    --------------------------------------------------
    Total:                     2'488

rt7M_tl.a: [7]
    ABImemcpy.o                  166
    ABImemset.o                  102
    I64DivMod.o                  560
    I64DivZer.o                    2
    cexit.o                       10
    cmain.o                       30
    copy_init3.o                  42
    cstartup_M.o                  28
    data_init.o                   40
    memchr.o                      88
    memset.o                      20
    strchr.o                      22
    strlen.o                      54
    zero_init3.o                  56
    --------------------------------------------------
    Total:                     1'220

shb_l.a: [8]
    exit.o                        20
    --------------------------------------------------
    Total:                        20

    Gaps                          27        2
    Linker created                         38    1'024
------------------------------------------------------
    Grand Total:              24'861      191    1'704


*******************************************************************************
*** ENTRY LIST
***

Entry                       Address   Size  Type      Object
-----                       -------   ----  ----      ------
.iar.init_table$$Base    0x800'5fe8          --   Gb  - Linker created -
.iar.init_table$$Limit   0x800'600c          --   Gb  - Linker created -
?main                    0x800'600d         Code  Gb  cmain.o [7]
ADC1_2_IRQHandler        0x800'610d         Code  Wk  startup_stm32g431xx.o [1]
ADC_DMAConvCplt          0x800'2901   0x86  Code  Gb  stm32g4xx_hal_adc.o [4]
ADC_DMAError             0x800'2995   0x1e  Code  Gb  stm32g4xx_hal_adc.o [4]
ADC_DMAHalfConvCplt      0x800'2987    0xe  Code  Gb  stm32g4xx_hal_adc.o [4]
ADC_Disable              0x800'2881   0x80  Code  Gb  stm32g4xx_hal_adc.o [4]
ADC_Enable               0x800'27ad   0xaa  Code  Gb  stm32g4xx_hal_adc.o [4]
AHBPrescTable            0x800'6074   0x10  Data  Gb  system_stm32g4xx.o [3]
APBPrescTable            0x800'60c4    0x8  Data  Gb  system_stm32g4xx.o [3]
BusFault_Handler         0x800'5f57    0x2  Code  Gb  stm32g4xx_it.o [2]
COMP1_2_3_IRQHandler     0x800'61a9         Code  Wk  startup_stm32g431xx.o [1]
COMP4_IRQHandler         0x800'61ad         Code  Wk  startup_stm32g431xx.o [1]
CORDIC_IRQHandler        0x800'61d5         Code  Wk  startup_stm32g431xx.o [1]
CRS_IRQHandler           0x800'61b1         Code  Wk  startup_stm32g431xx.o [1]
CSTACK$$Base            0x2000'02a8          --   Gb  - Linker created -
CSTACK$$Limit           0x2000'06a8          --   Gb  - Linker created -
DMA1_Channel1_IRQHandler
                         0x800'5f69    0xa  Code  Gb  stm32g4xx_it.o [2]
DMA1_Channel2_IRQHandler
                         0x800'60f9         Code  Wk  startup_stm32g431xx.o [1]
DMA1_Channel3_IRQHandler
                         0x800'60fd         Code  Wk  startup_stm32g431xx.o [1]
DMA1_Channel4_IRQHandler
                         0x800'6101         Code  Wk  startup_stm32g431xx.o [1]
DMA1_Channel5_IRQHandler
                         0x800'6105         Code  Wk  startup_stm32g431xx.o [1]
DMA1_Channel6_IRQHandler
                         0x800'6109         Code  Wk  startup_stm32g431xx.o [1]
DMA2_Channel1_IRQHandler
                         0x800'6191         Code  Wk  startup_stm32g431xx.o [1]
DMA2_Channel2_IRQHandler
                         0x800'6195         Code  Wk  startup_stm32g431xx.o [1]
DMA2_Channel3_IRQHandler
                         0x800'6199         Code  Wk  startup_stm32g431xx.o [1]
DMA2_Channel4_IRQHandler
                         0x800'619d         Code  Wk  startup_stm32g431xx.o [1]
DMA2_Channel5_IRQHandler
                         0x800'61a1         Code  Wk  startup_stm32g431xx.o [1]
DMA2_Channel6_IRQHandler
                         0x800'61d1         Code  Wk  startup_stm32g431xx.o [1]
DMAMUX_OVR_IRQHandler    0x800'61cd         Code  Wk  startup_stm32g431xx.o [1]
DMA_CalcDMAMUXChannelBaseAndMask
                         0x800'2e5d   0x3c  Code  Lc  stm32g4xx_hal_dma.o [4]
DMA_CalcDMAMUXRequestGenBaseAndMask
                         0x800'2e99   0x22  Code  Lc  stm32g4xx_hal_dma.o [4]
DMA_SetConfig            0x800'2e19   0x44  Code  Lc  stm32g4xx_hal_dma.o [4]
DebugMon_Handler         0x800'5f5d    0x2  Code  Gb  stm32g4xx_it.o [2]
EXTI0_IRQHandler         0x800'60e5         Code  Wk  startup_stm32g431xx.o [1]
EXTI15_10_IRQHandler     0x800'6165         Code  Wk  startup_stm32g431xx.o [1]
EXTI1_IRQHandler         0x800'60e9         Code  Wk  startup_stm32g431xx.o [1]
EXTI2_IRQHandler         0x800'60ed         Code  Wk  startup_stm32g431xx.o [1]
EXTI3_IRQHandler         0x800'60f1         Code  Wk  startup_stm32g431xx.o [1]
EXTI4_IRQHandler         0x800'60f5         Code  Wk  startup_stm32g431xx.o [1]
EXTI9_5_IRQHandler       0x800'6121         Code  Wk  startup_stm32g431xx.o [1]
Error_Handler            0x800'34a5    0x4  Code  Gb  main.o [2]
FDCAN1_IT0_IRQHandler    0x800'6119         Code  Wk  startup_stm32g431xx.o [1]
FDCAN1_IT1_IRQHandler    0x800'611d         Code  Wk  startup_stm32g431xx.o [1]
FLASH_IRQHandler         0x800'60dd         Code  Wk  startup_stm32g431xx.o [1]
FMAC_IRQHandler          0x800'61d9         Code  Wk  startup_stm32g431xx.o [1]
FPU_IRQHandler           0x800'61b9         Code  Wk  startup_stm32g431xx.o [1]
HAL_ADCEx_Calibration_Start
                         0x800'41cd   0x90  Code  Gb  stm32g4xx_hal_adc_ex.o [4]
HAL_ADCEx_InjectedConfigChannel
                         0x800'4481  0x54e  Code  Gb  stm32g4xx_hal_adc_ex.o [4]
HAL_ADCEx_InjectedPollForConversion
                         0x800'4357  0x10a  Code  Gb  stm32g4xx_hal_adc_ex.o [4]
HAL_ADCEx_InjectedStart
                         0x800'425d   0xfa  Code  Gb  stm32g4xx_hal_adc_ex.o [4]
HAL_ADCEx_MultiModeConfigChannel
                         0x800'49cf   0xf6  Code  Gb  stm32g4xx_hal_adc_ex.o [4]
HAL_ADC_ConfigChannel    0x800'22e9  0x4b8  Code  Gb  stm32g4xx_hal_adc.o [4]
HAL_ADC_ConvCpltCallback
                         0x800'2ef1    0x2  Code  Wk  stm32g4xx_hal_adc.o [4]
HAL_ADC_ConvHalfCpltCallback
                         0x800'2ef5   0x20  Code  Gb  main.o [2]
HAL_ADC_ErrorCallback    0x800'2ef3    0x2  Code  Wk  stm32g4xx_hal_adc.o [4]
HAL_ADC_Init             0x800'1f81  0x238  Code  Gb  stm32g4xx_hal_adc.o [4]
HAL_ADC_MspInit          0x800'29e5   0xb8  Code  Gb  stm32g4xx_hal_msp.o [2]
HAL_ADC_Start_DMA        0x800'21bd  0x104  Code  Gb  stm32g4xx_hal_adc.o [4]
HAL_DMA_IRQHandler       0x800'2d27   0xf2  Code  Gb  stm32g4xx_hal_dma.o [4]
HAL_DMA_Init             0x800'2b91   0xd8  Code  Gb  stm32g4xx_hal_dma.o [4]
HAL_DMA_Start_IT         0x800'2c69   0xbe  Code  Gb  stm32g4xx_hal_dma.o [4]
HAL_Delay                0x800'4af5   0x28  Code  Wk  stm32g4xx_hal.o [4]
HAL_GPIO_Init            0x800'38b9  0x1aa  Code  Gb  stm32g4xx_hal_gpio.o [4]
HAL_GPIO_TogglePin       0x800'3a7b   0x1a  Code  Gb  stm32g4xx_hal_gpio.o [4]
HAL_GPIO_WritePin        0x800'3a63   0x18  Code  Gb  stm32g4xx_hal_gpio.o [4]
HAL_GetTick              0x800'2ee5    0xc  Code  Wk  stm32g4xx_hal.o [4]
HAL_IncTick              0x800'5f85   0x18  Code  Wk  stm32g4xx_hal.o [4]
HAL_Init                 0x800'3c11   0x24  Code  Gb  stm32g4xx_hal.o [4]
HAL_InitTick             0x800'5e5d   0x60  Code  Wk  stm32g4xx_hal.o [4]
HAL_MspInit              0x800'29b5   0x30  Code  Gb  stm32g4xx_hal_msp.o [2]
HAL_NVIC_EnableIRQ       0x800'3bd7    0xe  Code  Gb  stm32g4xx_hal_cortex.o [4]
HAL_NVIC_SetPriority     0x800'3bb3   0x24  Code  Gb  stm32g4xx_hal_cortex.o [4]
HAL_NVIC_SetPriorityGrouping
                         0x800'3ba7    0xc  Code  Gb  stm32g4xx_hal_cortex.o [4]
HAL_PWREx_ControlVoltageScaling
                         0x800'34a9   0xee  Code  Gb  stm32g4xx_hal_pwr_ex.o [4]
HAL_PWREx_DisableUCPDDeadBattery
                         0x800'3597    0xc  Code  Gb  stm32g4xx_hal_pwr_ex.o [4]
HAL_RCCEx_PeriphCLKConfig
                         0x800'35d1  0x2d2  Code  Gb  stm32g4xx_hal_rcc_ex.o [4]
HAL_RCC_ClockConfig      0x800'58f9  0x1ee  Code  Gb  stm32g4xx_hal_rcc.o [4]
HAL_RCC_GetHCLKFreq      0x800'5b63    0x6  Code  Gb  stm32g4xx_hal_rcc.o [4]
HAL_RCC_GetPCLK1Freq     0x800'5b69   0x1a  Code  Gb  stm32g4xx_hal_rcc.o [4]
HAL_RCC_GetPCLK2Freq     0x800'5b83   0x1a  Code  Gb  stm32g4xx_hal_rcc.o [4]
HAL_RCC_GetSysClockFreq
                         0x800'5ae7   0x7c  Code  Gb  stm32g4xx_hal_rcc.o [4]
HAL_RCC_OscConfig        0x800'5421  0x4d8  Code  Gb  stm32g4xx_hal_rcc.o [4]
HAL_SYSTICK_Config       0x800'3be5    0xc  Code  Gb  stm32g4xx_hal_cortex.o [4]
HAL_TIMEx_Break2Callback
                         0x800'5ec5    0x2  Code  Wk  stm32g4xx_hal_tim_ex.o [4]
HAL_TIMEx_BreakCallback
                         0x800'5ec3    0x2  Code  Wk  stm32g4xx_hal_tim_ex.o [4]
HAL_TIMEx_CommutCallback
                         0x800'5ec9    0x2  Code  Wk  stm32g4xx_hal_tim_ex.o [4]
HAL_TIMEx_DirectionChangeCallback
                         0x800'5ecd    0x2  Code  Wk  stm32g4xx_hal_tim_ex.o [4]
HAL_TIMEx_EncoderIndexCallback
                         0x800'5ecb    0x2  Code  Wk  stm32g4xx_hal_tim_ex.o [4]
HAL_TIMEx_IndexErrorCallback
                         0x800'5ecf    0x2  Code  Wk  stm32g4xx_hal_tim_ex.o [4]
HAL_TIMEx_MasterConfigSynchronization
                         0x800'5c31   0xa2  Code  Gb  stm32g4xx_hal_tim_ex.o [4]
HAL_TIMEx_TransitionErrorCallback
                         0x800'5ed1    0x2  Code  Wk  stm32g4xx_hal_tim_ex.o [4]
HAL_TIM_Base_Init        0x800'3c35   0x7a  Code  Gb  stm32g4xx_hal_tim.o [4]
HAL_TIM_Base_MspInit     0x800'2a9d   0x50  Code  Gb  stm32g4xx_hal_msp.o [2]
HAL_TIM_Base_Start       0x800'3caf   0x82  Code  Gb  stm32g4xx_hal_tim.o [4]
HAL_TIM_Base_Start_IT    0x800'3d31   0x8e  Code  Gb  stm32g4xx_hal_tim.o [4]
HAL_TIM_IC_CaptureCallback
                         0x800'5ebd    0x2  Code  Wk  stm32g4xx_hal_tim.o [4]
HAL_TIM_IRQHandler       0x800'3dd9  0x1ae  Code  Gb  stm32g4xx_hal_tim.o [4]
HAL_TIM_OC_DelayElapsedCallback
                         0x800'5ebf    0x2  Code  Wk  stm32g4xx_hal_tim.o [4]
HAL_TIM_PWM_PulseFinishedCallback
                         0x800'5ec1    0x2  Code  Wk  stm32g4xx_hal_tim.o [4]
HAL_TIM_PeriodElapsedCallback
                         0x800'2f15   0x28  Code  Gb  main.o [2]
HAL_TIM_TriggerCallback
                         0x800'5ec7    0x2  Code  Wk  stm32g4xx_hal_tim.o [4]
HAL_UARTEx_DisableFifoMode
                         0x800'5ced   0x46  Code  Gb  stm32g4xx_hal_uart_ex.o [4]
HAL_UARTEx_SetRxFifoThreshold
                         0x800'5d89   0x56  Code  Gb  stm32g4xx_hal_uart_ex.o [4]
HAL_UARTEx_SetTxFifoThreshold
                         0x800'5d33   0x56  Code  Gb  stm32g4xx_hal_uart_ex.o [4]
HAL_UART_Init            0x800'4c0d   0x7e  Code  Gb  stm32g4xx_hal_uart.o [4]
HAL_UART_MspInit         0x800'2aed   0x82  Code  Gb  stm32g4xx_hal_msp.o [2]
HAL_UART_Transmit        0x800'4c8b   0xd6  Code  Gb  stm32g4xx_hal_uart.o [4]
HardFault_Handler        0x800'5f53    0x2  Code  Gb  stm32g4xx_it.o [2]
I2C1_ER_IRQHandler       0x800'6145         Code  Wk  startup_stm32g431xx.o [1]
I2C1_EV_IRQHandler       0x800'6141         Code  Wk  startup_stm32g431xx.o [1]
I2C2_ER_IRQHandler       0x800'614d         Code  Wk  startup_stm32g431xx.o [1]
I2C2_EV_IRQHandler       0x800'6149         Code  Wk  startup_stm32g431xx.o [1]
I2C3_ER_IRQHandler       0x800'61c9         Code  Wk  startup_stm32g431xx.o [1]
I2C3_EV_IRQHandler       0x800'61c5         Code  Wk  startup_stm32g431xx.o [1]
LL_ADC_Disable           0x800'1f3b   0x10  Code  Lc  stm32g4xx_hal_adc.o [4]
LL_ADC_DisableDeepPowerDown
                         0x800'1efb    0xc  Code  Lc  stm32g4xx_hal_adc.o [4]
LL_ADC_Enable            0x800'1f2b   0x10  Code  Lc  stm32g4xx_hal_adc.o [4]
LL_ADC_EnableInternalRegulator
                         0x800'1f11   0x10  Code  Lc  stm32g4xx_hal_adc.o [4]
LL_ADC_GetCommonPathInternalCh
                         0x800'1dc9    0x8  Code  Lc  stm32g4xx_hal_adc.o [4]
LL_ADC_GetCommonPathInternalCh
                         0x800'4069    0x8  Code  Lc  stm32g4xx_hal_adc_ex.o [4]
LL_ADC_GetMultimode      0x800'1ef3    0x8  Code  Lc  stm32g4xx_hal_adc.o [4]
LL_ADC_GetMultimode      0x800'417d    0x8  Code  Lc  stm32g4xx_hal_adc_ex.o [4]
LL_ADC_GetOffsetChannel
                         0x800'1df5   0x12  Code  Lc  stm32g4xx_hal_adc.o [4]
LL_ADC_GetOffsetChannel
                         0x800'4095   0x12  Code  Lc  stm32g4xx_hal_adc_ex.o [4]
LL_ADC_INJ_GetTrigAuto   0x800'411b    0x8  Code  Lc  stm32g4xx_hal_adc_ex.o [4]
LL_ADC_INJ_IsConversionOngoing
                         0x800'1f77    0xa  Code  Lc  stm32g4xx_hal_adc.o [4]
LL_ADC_INJ_IsConversionOngoing
                         0x800'41c3    0xa  Code  Lc  stm32g4xx_hal_adc_ex.o [4]
LL_ADC_INJ_IsTriggerSourceSWStart
                         0x800'410b   0x10  Code  Lc  stm32g4xx_hal_adc_ex.o [4]
LL_ADC_INJ_StartConversion
                         0x800'41b3   0x10  Code  Lc  stm32g4xx_hal_adc_ex.o [4]
LL_ADC_IsCalibrationOnGoing
                         0x800'41a3    0x6  Code  Lc  stm32g4xx_hal_adc_ex.o [4]
LL_ADC_IsDeepPowerDownEnabled
                         0x800'1f07    0xa  Code  Lc  stm32g4xx_hal_adc.o [4]
LL_ADC_IsDisableOngoing
                         0x800'1f53    0xa  Code  Lc  stm32g4xx_hal_adc.o [4]
LL_ADC_IsEnabled         0x800'1f4b    0x8  Code  Lc  stm32g4xx_hal_adc.o [4]
LL_ADC_IsEnabled         0x800'4185    0x8  Code  Lc  stm32g4xx_hal_adc_ex.o [4]
LL_ADC_IsInternalRegulatorEnabled
                         0x800'1f21    0xa  Code  Lc  stm32g4xx_hal_adc.o [4]
LL_ADC_REG_IsConversionOngoing
                         0x800'1f6d    0xa  Code  Lc  stm32g4xx_hal_adc.o [4]
LL_ADC_REG_IsConversionOngoing
                         0x800'41a9    0xa  Code  Lc  stm32g4xx_hal_adc_ex.o [4]
LL_ADC_REG_IsTriggerSourceSWStart
                         0x800'1e5b   0x10  Code  Lc  stm32g4xx_hal_adc.o [4]
LL_ADC_REG_IsTriggerSourceSWStart
                         0x800'40fb   0x10  Code  Lc  stm32g4xx_hal_adc_ex.o [4]
LL_ADC_REG_SetSequencerRanks
                         0x800'1e6b   0x2e  Code  Lc  stm32g4xx_hal_adc.o [4]
LL_ADC_REG_StartConversion
                         0x800'1f5d   0x10  Code  Lc  stm32g4xx_hal_adc.o [4]
LL_ADC_SetChannelSamplingTime
                         0x800'1e99   0x34  Code  Lc  stm32g4xx_hal_adc.o [4]
LL_ADC_SetChannelSamplingTime
                         0x800'4123   0x34  Code  Lc  stm32g4xx_hal_adc_ex.o [4]
LL_ADC_SetChannelSingleDiff
                         0x800'1ecd   0x26  Code  Lc  stm32g4xx_hal_adc.o [4]
LL_ADC_SetChannelSingleDiff
                         0x800'4157   0x26  Code  Lc  stm32g4xx_hal_adc_ex.o [4]
LL_ADC_SetCommonClock    0x800'1db1    0xc  Code  Lc  stm32g4xx_hal_adc.o [4]
LL_ADC_SetCommonPathInternalCh
                         0x800'1dbd    0xc  Code  Lc  stm32g4xx_hal_adc.o [4]
LL_ADC_SetCommonPathInternalCh
                         0x800'405d    0xc  Code  Lc  stm32g4xx_hal_adc_ex.o [4]
LL_ADC_SetOffset         0x800'1dd1   0x24  Code  Lc  stm32g4xx_hal_adc.o [4]
LL_ADC_SetOffset         0x800'4071   0x24  Code  Lc  stm32g4xx_hal_adc_ex.o [4]
LL_ADC_SetOffsetSaturation
                         0x800'1e37   0x18  Code  Lc  stm32g4xx_hal_adc.o [4]
LL_ADC_SetOffsetSaturation
                         0x800'40d7   0x18  Code  Lc  stm32g4xx_hal_adc_ex.o [4]
LL_ADC_SetOffsetSign     0x800'1e1f   0x18  Code  Lc  stm32g4xx_hal_adc.o [4]
LL_ADC_SetOffsetSign     0x800'40bf   0x18  Code  Lc  stm32g4xx_hal_adc_ex.o [4]
LL_ADC_SetOffsetState    0x800'1e07   0x18  Code  Lc  stm32g4xx_hal_adc.o [4]
LL_ADC_SetOffsetState    0x800'40a7   0x18  Code  Lc  stm32g4xx_hal_adc_ex.o [4]
LL_ADC_SetSamplingTimeCommonConfig
                         0x800'1e4f    0xc  Code  Lc  stm32g4xx_hal_adc.o [4]
LL_ADC_SetSamplingTimeCommonConfig
                         0x800'40ef    0xc  Code  Lc  stm32g4xx_hal_adc_ex.o [4]
LL_ADC_StartCalibration
                         0x800'418d   0x16  Code  Lc  stm32g4xx_hal_adc_ex.o [4]
LPTIM1_IRQHandler        0x800'6181         Code  Wk  startup_stm32g431xx.o [1]
LPUART1_IRQHandler       0x800'61c1         Code  Wk  startup_stm32g431xx.o [1]
MX_ADC1_Init             0x800'310b  0x154  Code  Lc  main.o [2]
MX_DMA_Init              0x800'3375   0x3a  Code  Lc  main.o [2]
MX_GPIO_Init             0x800'33af   0x88  Code  Lc  main.o [2]
MX_TIM6_Init             0x800'3265   0x50  Code  Lc  main.o [2]
MX_TIM7_Init             0x800'32b5   0x50  Code  Lc  main.o [2]
MX_USART2_UART_Init      0x800'3305   0x70  Code  Lc  main.o [2]
MemManage_Handler        0x800'5f55    0x2  Code  Gb  stm32g4xx_it.o [2]
NMI_Handler              0x800'5f51    0x2  Code  Gb  stm32g4xx_it.o [2]
NVIC_EncodePriority      0x800'3b37   0x40  Code  Lc  stm32g4xx_hal_cortex.o [4]
PVD_PVM_IRQHandler       0x800'60d1         Code  Wk  startup_stm32g431xx.o [1]
PendSV_Handler           0x800'5f5f    0x2  Code  Gb  stm32g4xx_it.o [2]
RCC_GetSysClockFreqFromPLLSource
                         0x800'5b9d   0x46  Code  Lc  stm32g4xx_hal_rcc.o [4]
RCC_IRQHandler           0x800'60e1         Code  Wk  startup_stm32g431xx.o [1]
RNG_IRQHandler           0x800'61bd         Code  Wk  startup_stm32g431xx.o [1]
RTC_Alarm_IRQHandler     0x800'6169         Code  Wk  startup_stm32g431xx.o [1]
RTC_TAMP_LSECSS_IRQHandler
                         0x800'60d5         Code  Wk  startup_stm32g431xx.o [1]
RTC_WKUP_IRQHandler      0x800'60d9         Code  Wk  startup_stm32g431xx.o [1]
Region$$Table$$Base      0x800'5fe8          --   Gb  - Linker created -
Region$$Table$$Limit     0x800'600c          --   Gb  - Linker created -
Reset_Handler            0x800'6085         Code  Wk  startup_stm32g431xx.o [1]
SAI1_IRQHandler          0x800'61b5         Code  Wk  startup_stm32g431xx.o [1]
SPI1_IRQHandler          0x800'6151         Code  Wk  startup_stm32g431xx.o [1]
SPI2_IRQHandler          0x800'6155         Code  Wk  startup_stm32g431xx.o [1]
SPI3_IRQHandler          0x800'6185         Code  Wk  startup_stm32g431xx.o [1]
SVC_Handler              0x800'5f5b    0x2  Code  Gb  stm32g4xx_it.o [2]
SysTick_Config           0x800'3b77   0x30  Code  Lc  stm32g4xx_hal_cortex.o [4]
SysTick_Handler          0x800'5f61    0x8  Code  Gb  stm32g4xx_it.o [2]
SystemClock_Config       0x800'308d   0x7e  Code  Gb  main.o [2]
SystemCoreClock         0x2000'0008    0x4  Data  Gb  system_stm32g4xx.o [3]
SystemInit               0x800'6095    0xc  Code  Gb  system_stm32g4xx.o [3]
TIM1_BRK_TIM15_IRQHandler
                         0x800'6125         Code  Wk  startup_stm32g431xx.o [1]
TIM1_CC_IRQHandler       0x800'6131         Code  Wk  startup_stm32g431xx.o [1]
TIM1_TRG_COM_TIM17_IRQHandler
                         0x800'612d         Code  Wk  startup_stm32g431xx.o [1]
TIM1_UP_TIM16_IRQHandler
                         0x800'6129         Code  Wk  startup_stm32g431xx.o [1]
TIM2_IRQHandler          0x800'6135         Code  Wk  startup_stm32g431xx.o [1]
TIM3_IRQHandler          0x800'6139         Code  Wk  startup_stm32g431xx.o [1]
TIM4_IRQHandler          0x800'613d         Code  Wk  startup_stm32g431xx.o [1]
TIM6_DAC_IRQHandler      0x800'618d         Code  Wk  startup_stm32g431xx.o [1]
TIM7_IRQHandler          0x800'5f73    0xa  Code  Gb  stm32g4xx_it.o [2]
TIM8_BRK_IRQHandler      0x800'6171         Code  Wk  startup_stm32g431xx.o [1]
TIM8_CC_IRQHandler       0x800'617d         Code  Wk  startup_stm32g431xx.o [1]
TIM8_TRG_COM_IRQHandler
                         0x800'6179         Code  Wk  startup_stm32g431xx.o [1]
TIM8_UP_IRQHandler       0x800'6175         Code  Wk  startup_stm32g431xx.o [1]
TIM_Base_SetConfig       0x800'3f87   0xb8  Code  Gb  stm32g4xx_hal_tim.o [4]
UART4_IRQHandler         0x800'6189         Code  Wk  startup_stm32g431xx.o [1]
UARTEx_SetNbDataToProcess
                         0x800'5ddf   0x76  Code  Lc  stm32g4xx_hal_uart_ex.o [4]
UARTEx_SetNbDataToProcess::denominator
                         0x800'60bc    0x8  Data  Lc  stm32g4xx_hal_uart_ex.o [4]
UARTEx_SetNbDataToProcess::numerator
                         0x800'60b4    0x8  Data  Lc  stm32g4xx_hal_uart_ex.o [4]
UARTPrescTable           0x800'605c   0x18  Data  Gb  stm32g4xx_hal_uart.o [4]
UART_AdvFeatureConfig    0x800'50dd   0xda  Code  Gb  stm32g4xx_hal_uart.o [4]
UART_CheckIdleState      0x800'51b7   0xd6  Code  Gb  stm32g4xx_hal_uart.o [4]
UART_EndRxTransfer       0x800'532b   0x60  Code  Lc  stm32g4xx_hal_uart.o [4]
UART_SetConfig           0x800'4d61  0x37a  Code  Gb  stm32g4xx_hal_uart.o [4]
UART_WaitOnFlagUntilTimeout
                         0x800'528d   0x9e  Code  Gb  stm32g4xx_hal_uart.o [4]
UCPD1_IRQHandler         0x800'61a5         Code  Wk  startup_stm32g431xx.o [1]
USART1_IRQHandler        0x800'6159         Code  Wk  startup_stm32g431xx.o [1]
USART2_IRQHandler        0x800'615d         Code  Wk  startup_stm32g431xx.o [1]
USART3_IRQHandler        0x800'6161         Code  Wk  startup_stm32g431xx.o [1]
USBWakeUp_IRQHandler     0x800'616d         Code  Wk  startup_stm32g431xx.o [1]
USB_HP_IRQHandler        0x800'6111         Code  Wk  startup_stm32g431xx.o [1]
USB_LP_IRQHandler        0x800'6115         Code  Wk  startup_stm32g431xx.o [1]
UsageFault_Handler       0x800'5f59    0x2  Code  Gb  stm32g4xx_it.o [2]
WWDG_IRQHandler          0x800'60cd         Code  Wk  startup_stm32g431xx.o [1]
_LC                      0x800'01d9    0x6  Code  Lc  xprintffull_nomb.o [5]
_LitobFullNoMb           0x800'0ec1  0x114  Code  Lc  xprintffull_nomb.o [5]
_Locale_lconv           0x2000'000c   0x38  Data  Lc  xlocale_c.o [5]
_PrintfFullNoMb          0x800'01df  0xcb4  Code  Gb  xprintffull_nomb.o [5]
_PutcharsFullNoMb        0x800'102d   0x2e  Code  Lc  xprintffull_nomb.o [5]
_SProut                  0x800'10e3    0xa  Code  Gb  xsprout.o [5]
__NVIC_EnableIRQ         0x800'3aed   0x1e  Code  Lc  stm32g4xx_hal_cortex.o [4]
__NVIC_GetPriorityGrouping
                         0x800'3ae3    0xa  Code  Lc  stm32g4xx_hal_cortex.o [4]
__NVIC_SetPriority       0x800'3b0b   0x2c  Code  Lc  stm32g4xx_hal_cortex.o [4]
__NVIC_SetPriorityGrouping
                         0x800'3ac1   0x22  Code  Lc  stm32g4xx_hal_cortex.o [4]
__aeabi_cdcmple          0x800'12d5         Code  Gb  DblCmpLe.o [6]
__aeabi_cdrcmple         0x800'1309         Code  Gb  DblCmpGe.o [6]
__aeabi_d2f              0x800'4b1d         Code  Gb  DblToFlt.o [6]
__aeabi_d2iz             0x800'1479         Code  Gb  DblToS32.o [6]
__aeabi_d2uiz            0x800'196d         Code  Gb  DblToU32.o [6]
__aeabi_ddiv             0x800'1725         Code  Gb  DblDiv.o [6]
__aeabi_dmul             0x800'19ad         Code  Gb  DblMul.o [6]
__aeabi_dsub             0x800'1641         Code  Gb  DblAddSub.o [6]
__aeabi_f2d              0x800'4b85         Code  Gb  FltToDbl.o [6]
__aeabi_i2d              0x800'14b1         Code  Gb  S32ToDbl.o [6]
__aeabi_ldiv0            0x800'1d99         Code  Gb  I64DivZer.o [7]
__aeabi_memcpy           0x800'11bd         Code  Gb  ABImemcpy.o [7]
__aeabi_memcpy4          0x800'11dd         Code  Gb  ABImemcpy.o [7]
__aeabi_memcpy8          0x800'11dd         Code  Gb  ABImemcpy.o [7]
__aeabi_memset           0x800'53b9         Code  Gb  ABImemset.o [7]
__aeabi_ui2d             0x800'1991         Code  Gb  U32ToDbl.o [6]
__aeabi_uldivmod         0x800'1b61         Code  Gb  I64DivMod.o [7]
__cmain                  0x800'600d         Code  Gb  cmain.o [7]
__exit                   0x800'1d9d   0x14  Code  Gb  exit.o [8]
__iar_Fail_s             0x800'10ed   0x1c  Code  Gb  xfail_s.o [5]
__iar_Memchr             0x800'1165         Code  Gb  memchr.o [7]
__iar_Memset             0x800'53b9         Code  Gb  ABImemset.o [7]
__iar_Memset_word        0x800'53c1         Code  Gb  ABImemset.o [7]
__iar_Strchr             0x800'10cd         Code  Gb  strchr.o [7]
__iar_copy_init3         0x800'10a3   0x2a  Code  Gb  copy_init3.o [7]
__iar_data_init3         0x800'5f9d   0x28  Code  Gb  data_init.o [7]
__iar_frexp              0x800'1271         Code  Gb  frexp.o [6]
__iar_frexpl             0x800'1271         Code  Gb  frexp.o [6]
__iar_init_vfp           0x800'5fc5         Code  Gb  fpinit_M.o [6]
__iar_ldexp64            0x800'133d         Code  Gb  ldexp.o [6]
__iar_program_start      0x800'6041         Code  Gb  cstartup_M.o [7]
__iar_scalbln64          0x800'133d         Code  Gb  ldexp.o [6]
__iar_scalbn64           0x800'133d         Code  Gb  ldexp.o [6]
__iar_softfp___iar_frexp64
                         0x800'1265         Code  Gb  frexp.o [6]
__iar_softfp_frexp       0x800'1265         Code  Gb  frexp.o [6]
__iar_softfp_frexpl      0x800'1265         Code  Gb  frexp.o [6]
__iar_zero_init3         0x800'5f19   0x38  Code  Gb  zero_init3.o [7]
__low_level_init         0x800'602b    0x4  Code  Gb  low_level_init.o [5]
__vector_table           0x800'0000         Data  Gb  startup_stm32g431xx.o [1]
_call_main               0x800'6019         Code  Gb  cmain.o [7]
_exit                    0x800'6035         Code  Gb  cexit.o [7]
abort                    0x800'1d91    0x6  Code  Gb  abort.o [5]
adc_data                0x2000'025c   0x1c  Data  Gb  main.o [2]
adc_raw_data            0x2000'0278    0xc  Data  Gb  main.o [2]
cnt_adc_int             0x2000'029c    0x4  Data  Gb  main.o [2]
dbg_anc_int_per_1ec     0x2000'0298    0x4  Data  Gb  main.o [2]
exit                     0x800'602f    0x4  Code  Gb  exit.o [5]
hadc1                   0x2000'00d8   0x6c  Data  Gb  main.o [2]
hdma_adc1               0x2000'0144   0x60  Data  Gb  main.o [2]
htim6                   0x2000'01a4   0x4c  Data  Gb  main.o [2]
htim7                   0x2000'01f0   0x4c  Data  Gb  main.o [2]
huart2                  0x2000'0044   0x94  Data  Gb  main.o [2]
ldexp                    0x800'133d         Code  Gb  ldexp.o [6]
ldexpl                   0x800'133d         Code  Gb  ldexp.o [6]
localeconv               0x800'1b59    0x4  Code  Gb  xlocale_c.o [5]
main                     0x800'2f3d  0x150  Code  Gb  main.o [2]
memchr                   0x800'1165         Code  Gb  memchr.o [7]
memset                   0x800'35bd   0x14  Code  Gb  memset.o [7]
msg_bug                 0x2000'023c   0x20  Data  Gb  main.o [2]
msg_len                 0x2000'0294    0x4  Data  Gb  main.o [2]
rawf_adc1_ch1_val       0x2000'0288    0x4  Data  Gb  main.o [2]
rawf_adc1_ch2_val       0x2000'028c    0x4  Data  Gb  main.o [2]
rawf_adc1_ch3_val       0x2000'0290    0x4  Data  Gb  main.o [2]
row_count               0x2000'0284    0x4  Data  Gb  main.o [2]
scalbln                  0x800'133d         Code  Gb  ldexp.o [6]
scalblnl                 0x800'133d         Code  Gb  ldexp.o [6]
scalbn                   0x800'133d         Code  Gb  ldexp.o [6]
scalbnl                  0x800'133d         Code  Gb  ldexp.o [6]
scale                    0x800'0fd5   0x46  Code  Lc  xprintffull_nomb.o [5]
sec_hand                0x2000'02a4    0x4  Data  Lc  xfail_s.o [5]
sprintf                  0x800'4bcd   0x40  Code  Gb  sprintf.o [5]
strchr                   0x800'10cd         Code  Gb  strchr.o [7]
strlen                   0x800'112d         Code  Gb  strlen.o [7]
uwTick                  0x2000'02a0    0x4  Data  Gb  stm32g4xx_hal.o [4]
uwTickFreq              0x2000'0004    0x4  Data  Gb  stm32g4xx_hal.o [4]
uwTickPrio              0x2000'0000    0x4  Data  Gb  stm32g4xx_hal.o [4]


[1] = C:\STM32_Rep\Nucleo_G431K_data_logger\Nucleo_G431K_data_logger\EWARM\Nucleo_G431K_data_logger\Obj\Application\EWARM
[2] = C:\STM32_Rep\Nucleo_G431K_data_logger\Nucleo_G431K_data_logger\EWARM\Nucleo_G431K_data_logger\Obj\Application\User\Core
[3] = C:\STM32_Rep\Nucleo_G431K_data_logger\Nucleo_G431K_data_logger\EWARM\Nucleo_G431K_data_logger\Obj\Drivers\CMSIS
[4] = C:\STM32_Rep\Nucleo_G431K_data_logger\Nucleo_G431K_data_logger\EWARM\Nucleo_G431K_data_logger\Obj\Drivers\STM32G4xx_HAL_Driver
[5] = dl7M_tlf.a
[6] = m7M_tls.a
[7] = rt7M_tl.a
[8] = shb_l.a

  24'861 bytes of readonly  code memory
     191 bytes of readonly  data memory
   1'704 bytes of readwrite data memory

Errors: none
Warnings: none
