###############################################################################
#
# IAR ELF Linker V9.32.1.338/W64 for ARM                  24/Mar/2024  12:33:57
# Copyright 2007-2022 IAR Systems AB.
#
#    Output file  =
#        C:\STM32_Rep\Nucleo_G431K_data_logger\Nucleo_G431K_data_logger\EWARM\Nucleo_G431K_data_logger\Exe\Nucleo_G431K_data_logger.out
#    Map file     =
#        C:\STM32_Rep\Nucleo_G431K_data_logger\Nucleo_G431K_data_logger\EWARM\Nucleo_G431K_data_logger\List\Nucleo_G431K_data_logger.map
#    Command line =
#        -f
#        C:\STM32_Rep\Nucleo_G431K_data_logger\Nucleo_G431K_data_logger\EWARM\Nucleo_G431K_data_logger\Exe\Nucleo_G431K_data_logger.out.rsp
#        (C:\STM32_Rep\Nucleo_G431K_data_logger\Nucleo_G431K_data_logger\EWARM\Nucleo_G431K_data_logger\Obj\Application\User\Core\main.o
#        C:\STM32_Rep\Nucleo_G431K_data_logger\Nucleo_G431K_data_logger\EWARM\Nucleo_G431K_data_logger\Obj\Application\EWARM\startup_stm32g431xx.o
#        C:\STM32_Rep\Nucleo_G431K_data_logger\Nucleo_G431K_data_logger\EWARM\Nucleo_G431K_data_logger\Obj\Drivers\STM32G4xx_HAL_Driver\stm32g4xx_hal.o
#        C:\STM32_Rep\Nucleo_G431K_data_logger\Nucleo_G431K_data_logger\EWARM\Nucleo_G431K_data_logger\Obj\Drivers\STM32G4xx_HAL_Driver\stm32g4xx_hal_adc.o
#        C:\STM32_Rep\Nucleo_G431K_data_logger\Nucleo_G431K_data_logger\EWARM\Nucleo_G431K_data_logger\Obj\Drivers\STM32G4xx_HAL_Driver\stm32g4xx_hal_adc_ex.o
#        C:\STM32_Rep\Nucleo_G431K_data_logger\Nucleo_G431K_data_logger\EWARM\Nucleo_G431K_data_logger\Obj\Drivers\STM32G4xx_HAL_Driver\stm32g4xx_hal_cortex.o
#        C:\STM32_Rep\Nucleo_G431K_data_logger\Nucleo_G431K_data_logger\EWARM\Nucleo_G431K_data_logger\Obj\Drivers\STM32G4xx_HAL_Driver\stm32g4xx_hal_dma.o
#        C:\STM32_Rep\Nucleo_G431K_data_logger\Nucleo_G431K_data_logger\EWARM\Nucleo_G431K_data_logger\Obj\Drivers\STM32G4xx_HAL_Driver\stm32g4xx_hal_dma_ex.o
#        C:\STM32_Rep\Nucleo_G431K_data_logger\Nucleo_G431K_data_logger\EWARM\Nucleo_G431K_data_logger\Obj\Drivers\STM32G4xx_HAL_Driver\stm32g4xx_hal_exti.o
#        C:\STM32_Rep\Nucleo_G431K_data_logger\Nucleo_G431K_data_logger\EWARM\Nucleo_G431K_data_logger\Obj\Drivers\STM32G4xx_HAL_Driver\stm32g4xx_hal_flash.o
#        C:\STM32_Rep\Nucleo_G431K_data_logger\Nucleo_G431K_data_logger\EWARM\Nucleo_G431K_data_logger\Obj\Drivers\STM32G4xx_HAL_Driver\stm32g4xx_hal_flash_ex.o
#        C:\STM32_Rep\Nucleo_G431K_data_logger\Nucleo_G431K_data_logger\EWARM\Nucleo_G431K_data_logger\Obj\Drivers\STM32G4xx_HAL_Driver\stm32g4xx_hal_flash_ramfunc.o
#        C:\STM32_Rep\Nucleo_G431K_data_logger\Nucleo_G431K_data_logger\EWARM\Nucleo_G431K_data_logger\Obj\Drivers\STM32G4xx_HAL_Driver\stm32g4xx_hal_gpio.o
#        C:\STM32_Rep\Nucleo_G431K_data_logger\Nucleo_G431K_data_logger\EWARM\Nucleo_G431K_data_logger\Obj\Application\User\Core\stm32g4xx_hal_msp.o
#        C:\STM32_Rep\Nucleo_G431K_data_logger\Nucleo_G431K_data_logger\EWARM\Nucleo_G431K_data_logger\Obj\Drivers\STM32G4xx_HAL_Driver\stm32g4xx_hal_pwr.o
#        C:\STM32_Rep\Nucleo_G431K_data_logger\Nucleo_G431K_data_logger\EWARM\Nucleo_G431K_data_logger\Obj\Drivers\STM32G4xx_HAL_Driver\stm32g4xx_hal_pwr_ex.o
#        C:\STM32_Rep\Nucleo_G431K_data_logger\Nucleo_G431K_data_logger\EWARM\Nucleo_G431K_data_logger\Obj\Drivers\STM32G4xx_HAL_Driver\stm32g4xx_hal_rcc.o
#        C:\STM32_Rep\Nucleo_G431K_data_logger\Nucleo_G431K_data_logger\EWARM\Nucleo_G431K_data_logger\Obj\Drivers\STM32G4xx_HAL_Driver\stm32g4xx_hal_rcc_ex.o
#        C:\STM32_Rep\Nucleo_G431K_data_logger\Nucleo_G431K_data_logger\EWARM\Nucleo_G431K_data_logger\Obj\Drivers\STM32G4xx_HAL_Driver\stm32g4xx_hal_tim.o
#        C:\STM32_Rep\Nucleo_G431K_data_logger\Nucleo_G431K_data_logger\EWARM\Nucleo_G431K_data_logger\Obj\Drivers\STM32G4xx_HAL_Driver\stm32g4xx_hal_tim_ex.o
#        C:\STM32_Rep\Nucleo_G431K_data_logger\Nucleo_G431K_data_logger\EWARM\Nucleo_G431K_data_logger\Obj\Drivers\STM32G4xx_HAL_Driver\stm32g4xx_hal_uart.o
#        C:\STM32_Rep\Nucleo_G431K_data_logger\Nucleo_G431K_data_logger\EWARM\Nucleo_G431K_data_logger\Obj\Drivers\STM32G4xx_HAL_Driver\stm32g4xx_hal_uart_ex.o
#        C:\STM32_Rep\Nucleo_G431K_data_logger\Nucleo_G431K_data_logger\EWARM\Nucleo_G431K_data_logger\Obj\Application\User\Core\stm32g4xx_it.o
#        C:\STM32_Rep\Nucleo_G431K_data_logger\Nucleo_G431K_data_logger\EWARM\Nucleo_G431K_data_logger\Obj\Drivers\STM32G4xx_HAL_Driver\stm32g4xx_ll_adc.o
#        C:\STM32_Rep\Nucleo_G431K_data_logger\Nucleo_G431K_data_logger\EWARM\Nucleo_G431K_data_logger\Obj\Drivers\CMSIS\system_stm32g4xx.o
#        --no_out_extension -o
#        C:\STM32_Rep\Nucleo_G431K_data_logger\Nucleo_G431K_data_logger\EWARM\Nucleo_G431K_data_logger\Exe\Nucleo_G431K_data_logger.out
#        --redirect _Printf=_PrintfFullNoMb --redirect _Scanf=_ScanfFullNoMb
#        --map
#        C:\STM32_Rep\Nucleo_G431K_data_logger\Nucleo_G431K_data_logger\EWARM\Nucleo_G431K_data_logger\List\Nucleo_G431K_data_logger.map
#        --config
#        C:\STM32_Rep\Nucleo_G431K_data_logger\Nucleo_G431K_data_logger\EWARM/stm32g431xx_flash.icf
#        --semihosting --entry __iar_program_start --vfe --text_out locale
#        --cpu=Cortex-M4 --fpu=VFPv4_sp)
#
###############################################################################

*******************************************************************************
*** RUNTIME MODEL ATTRIBUTES
***

CppFlavor       = *
__CPP_Runtime   = 1
__SystemLibrary = DLib
__dlib_version  = 6


*******************************************************************************
*** HEAP SELECTION
***

The basic heap was selected because --advanced_heap
was not specified and the application did not appear to
be primarily optimized for speed.


*******************************************************************************
*** PLACEMENT SUMMARY
***

"A0":  place at address 0x800'0000 { ro section .intvec };
"P1":  place in [from 0x800'0000 to 0x801'ffff] { ro };
define block CSTACK with size = 1K, alignment = 8 { };
define block HEAP with size = 512, alignment = 8 { };
"P2":  place in [from 0x2000'0000 to 0x2000'7fff] {
          rw, block CSTACK, block HEAP };
initialize by copy { rw };

  Section            Kind         Address    Size  Object
  -------            ----         -------    ----  ------
"A0":                                       0x1d8
  .intvec            ro code   0x800'0000   0x1d8  startup_stm32g431xx.o [1]
                             - 0x800'01d8   0x1d8

"P1":                                      0x5794
  .text              ro code   0x800'01d8   0xeca  xprintffull_nomb.o [5]
  .text              ro code   0x800'10a2    0x2a  copy_init3.o [7]
  .text              ro code   0x800'10cc    0x16  strchr.o [7]
  .text              ro code   0x800'10e2     0xa  xsprout.o [5]
  .text              ro code   0x800'10ec    0x40  xfail_s.o [5]
  .text              ro code   0x800'112c    0x36  strlen.o [7]
  .rodata            const     0x800'1162     0x2  xlocale_c.o [5]
  .text              ro code   0x800'1164    0x58  memchr.o [7]
  .text              ro code   0x800'11bc    0xa6  ABImemcpy.o [7]
  .rodata            const     0x800'1262     0x1  xlocale_c.o [5]
  .text              ro code   0x800'1264    0x70  frexp.o [6]
  .text              ro code   0x800'12d4    0x34  DblCmpLe.o [6]
  .text              ro code   0x800'1308    0x34  DblCmpGe.o [6]
  .text              ro code   0x800'133c   0x13a  ldexp.o [6]
  .text              ro code   0x800'1478    0x36  DblToS32.o [6]
  .text              ro code   0x800'14b0    0x22  S32ToDbl.o [6]
  .text              ro code   0x800'14d4   0x24e  DblAddSub.o [6]
  .text              ro code   0x800'1724   0x246  DblDiv.o [6]
  .text              ro code   0x800'196c    0x22  DblToU32.o [6]
  .text              ro code   0x800'1990    0x1c  U32ToDbl.o [6]
  .text              ro code   0x800'19ac   0x1aa  DblMul.o [6]
  .text              ro code   0x800'1b58     0x8  xlocale_c.o [5]
  .text              ro code   0x800'1b60   0x230  I64DivMod.o [7]
  .text              ro code   0x800'1d90     0x6  abort.o [5]
  .text              ro code   0x800'1d98     0x2  I64DivZer.o [7]
  .text              ro code   0x800'1d9c    0x14  exit.o [8]
  .text              ro code   0x800'1db0   0xad4  stm32g4xx_hal_adc_ex.o [4]
  .text              ro code   0x800'2884   0xa14  stm32g4xx_hal_adc.o [4]
  .text              ro code   0x800'3298     0xc  stm32g4xx_hal.o [4]
  .text              ro code   0x800'32a4   0x1ec  stm32g4xx_hal_msp.o [2]
  .text              ro code   0x800'3490   0x114  stm32g4xx_hal_pwr_ex.o [4]
  .text              ro code   0x800'35a4    0x14  memset.o [7]
  .text              ro code   0x800'35b8   0x2e8  stm32g4xx_hal_rcc_ex.o [4]
  .text              ro code   0x800'38a0   0x584  main.o [2]
  .text              ro code   0x800'3e24   0x1f0  stm32g4xx_hal_gpio.o [4]
  .text              ro code   0x800'4014    0x66  ABImemset.o [7]
  .text              ro code   0x800'407c    0x24  stm32g4xx_hal.o [4]
  .text              ro code   0x800'40a0   0x1e8  stm32g4xx_hal_tim.o [4]
  .text              ro code   0x800'4288    0x48  FltToDbl.o [6]
  .text              ro code   0x800'42d0    0x40  sprintf.o [5]
  .text              ro code   0x800'4310   0x7ac  stm32g4xx_hal_uart.o [4]
  .text              ro code   0x800'4abc   0x810  stm32g4xx_hal_rcc.o [4]
  .text              ro code   0x800'52cc    0xbc  stm32g4xx_hal_tim_ex.o [4]
  .text              ro code   0x800'5388   0x170  stm32g4xx_hal_uart_ex.o [4]
  .text              ro code   0x800'54f8   0x120  stm32g4xx_hal_cortex.o [4]
  .text              ro code   0x800'5618    0x60  stm32g4xx_hal.o [4]
  Initializer bytes  const     0x800'5678    0x44  <for P2-1>
  .text              ro code   0x800'56bc    0x38  zero_init3.o [7]
  .text              ro code   0x800'56f4    0x28  data_init.o [7]
  .text              ro code   0x800'571c    0x22  fpinit_M.o [6]
  .iar.init_table    const     0x800'5740    0x24  - Linker created -
  .text              ro code   0x800'5764    0x1e  cmain.o [7]
  .text              ro code   0x800'5782     0x4  low_level_init.o [5]
  .text              ro code   0x800'5786     0x4  exit.o [5]
  .text              ro code   0x800'578c     0xa  cexit.o [7]
  .text              ro code   0x800'5798    0x1c  cstartup_M.o [7]
  .rodata            const     0x800'57b4    0x18  stm32g4xx_hal_uart.o [4]
  .text              ro code   0x800'57cc    0x18  stm32g4xx_hal.o [4]
  .text              ro code   0x800'57e4    0x18  stm32g4xx_it.o [2]
  .rodata            const     0x800'57fc    0x10  system_stm32g4xx.o [3]
  .text              ro code   0x800'580c    0x10  startup_stm32g431xx.o [1]
  .text              ro code   0x800'581c    0x10  system_stm32g4xx.o [3]
  .rodata            const     0x800'582c     0x8  main.o [2]
  .rodata            const     0x800'5834     0x8  main.o [2]
  .rodata            const     0x800'583c     0x8  stm32g4xx_hal_uart_ex.o [4]
  .rodata            const     0x800'5844     0x8  stm32g4xx_hal_uart_ex.o [4]
  .rodata            const     0x800'584c     0x8  system_stm32g4xx.o [3]
  .text              ro code   0x800'5854     0x4  startup_stm32g431xx.o [1]
  .text              ro code   0x800'5858     0x4  startup_stm32g431xx.o [1]
  .text              ro code   0x800'585c     0x4  startup_stm32g431xx.o [1]
  .text              ro code   0x800'5860     0x4  startup_stm32g431xx.o [1]
  .text              ro code   0x800'5864     0x4  startup_stm32g431xx.o [1]
  .text              ro code   0x800'5868     0x4  startup_stm32g431xx.o [1]
  .text              ro code   0x800'586c     0x4  startup_stm32g431xx.o [1]
  .text              ro code   0x800'5870     0x4  startup_stm32g431xx.o [1]
  .text              ro code   0x800'5874     0x4  startup_stm32g431xx.o [1]
  .text              ro code   0x800'5878     0x4  startup_stm32g431xx.o [1]
  .text              ro code   0x800'587c     0x4  startup_stm32g431xx.o [1]
  .text              ro code   0x800'5880     0x4  startup_stm32g431xx.o [1]
  .text              ro code   0x800'5884     0x4  startup_stm32g431xx.o [1]
  .text              ro code   0x800'5888     0x4  startup_stm32g431xx.o [1]
  .text              ro code   0x800'588c     0x4  startup_stm32g431xx.o [1]
  .text              ro code   0x800'5890     0x4  startup_stm32g431xx.o [1]
  .text              ro code   0x800'5894     0x4  startup_stm32g431xx.o [1]
  .text              ro code   0x800'5898     0x4  startup_stm32g431xx.o [1]
  .text              ro code   0x800'589c     0x4  startup_stm32g431xx.o [1]
  .text              ro code   0x800'58a0     0x4  startup_stm32g431xx.o [1]
  .text              ro code   0x800'58a4     0x4  startup_stm32g431xx.o [1]
  .text              ro code   0x800'58a8     0x4  startup_stm32g431xx.o [1]
  .text              ro code   0x800'58ac     0x4  startup_stm32g431xx.o [1]
  .text              ro code   0x800'58b0     0x4  startup_stm32g431xx.o [1]
  .text              ro code   0x800'58b4     0x4  startup_stm32g431xx.o [1]
  .text              ro code   0x800'58b8     0x4  startup_stm32g431xx.o [1]
  .text              ro code   0x800'58bc     0x4  startup_stm32g431xx.o [1]
  .text              ro code   0x800'58c0     0x4  startup_stm32g431xx.o [1]
  .text              ro code   0x800'58c4     0x4  startup_stm32g431xx.o [1]
  .text              ro code   0x800'58c8     0x4  startup_stm32g431xx.o [1]
  .text              ro code   0x800'58cc     0x4  startup_stm32g431xx.o [1]
  .text              ro code   0x800'58d0     0x4  startup_stm32g431xx.o [1]
  .text              ro code   0x800'58d4     0x4  startup_stm32g431xx.o [1]
  .text              ro code   0x800'58d8     0x4  startup_stm32g431xx.o [1]
  .text              ro code   0x800'58dc     0x4  startup_stm32g431xx.o [1]
  .text              ro code   0x800'58e0     0x4  startup_stm32g431xx.o [1]
  .text              ro code   0x800'58e4     0x4  startup_stm32g431xx.o [1]
  .text              ro code   0x800'58e8     0x4  startup_stm32g431xx.o [1]
  .text              ro code   0x800'58ec     0x4  startup_stm32g431xx.o [1]
  .text              ro code   0x800'58f0     0x4  startup_stm32g431xx.o [1]
  .text              ro code   0x800'58f4     0x4  startup_stm32g431xx.o [1]
  .text              ro code   0x800'58f8     0x4  startup_stm32g431xx.o [1]
  .text              ro code   0x800'58fc     0x4  startup_stm32g431xx.o [1]
  .text              ro code   0x800'5900     0x4  startup_stm32g431xx.o [1]
  .text              ro code   0x800'5904     0x4  startup_stm32g431xx.o [1]
  .text              ro code   0x800'5908     0x4  startup_stm32g431xx.o [1]
  .text              ro code   0x800'590c     0x4  startup_stm32g431xx.o [1]
  .text              ro code   0x800'5910     0x4  startup_stm32g431xx.o [1]
  .text              ro code   0x800'5914     0x4  startup_stm32g431xx.o [1]
  .text              ro code   0x800'5918     0x4  startup_stm32g431xx.o [1]
  .text              ro code   0x800'591c     0x4  startup_stm32g431xx.o [1]
  .text              ro code   0x800'5920     0x4  startup_stm32g431xx.o [1]
  .text              ro code   0x800'5924     0x4  startup_stm32g431xx.o [1]
  .text              ro code   0x800'5928     0x4  startup_stm32g431xx.o [1]
  .text              ro code   0x800'592c     0x4  startup_stm32g431xx.o [1]
  .text              ro code   0x800'5930     0x4  startup_stm32g431xx.o [1]
  .text              ro code   0x800'5934     0x4  startup_stm32g431xx.o [1]
  .text              ro code   0x800'5938     0x4  startup_stm32g431xx.o [1]
  .text              ro code   0x800'593c     0x4  startup_stm32g431xx.o [1]
  .text              ro code   0x800'5940     0x4  startup_stm32g431xx.o [1]
  .text              ro code   0x800'5944     0x4  startup_stm32g431xx.o [1]
  .text              ro code   0x800'5948     0x4  startup_stm32g431xx.o [1]
  .text              ro code   0x800'594c     0x4  startup_stm32g431xx.o [1]
  .text              ro code   0x800'5950     0x4  startup_stm32g431xx.o [1]
  .text              ro code   0x800'5954     0x4  startup_stm32g431xx.o [1]
  .text              ro code   0x800'5958     0x4  startup_stm32g431xx.o [1]
  .text              ro code   0x800'595c     0x4  startup_stm32g431xx.o [1]
  .text              ro code   0x800'5960     0x4  startup_stm32g431xx.o [1]
  .text              ro code   0x800'5964     0x4  startup_stm32g431xx.o [1]
  .text              ro code   0x800'5968     0x4  startup_stm32g431xx.o [1]
  .rodata            const     0x800'596c     0x0  zero_init3.o [7]
  .rodata            const     0x800'596c     0x0  copy_init3.o [7]
                             - 0x800'596c  0x5794

"P2", part 1 of 3:                           0x44
  P2-1                        0x2000'0000    0x44  <Init block>
    .data            inited   0x2000'0000     0x4  stm32g4xx_hal.o [4]
    .data            inited   0x2000'0004     0x4  stm32g4xx_hal.o [4]
    .data            inited   0x2000'0008     0x4  system_stm32g4xx.o [3]
    .data            inited   0x2000'000c    0x38  xlocale_c.o [5]
                            - 0x2000'0044    0x44

"P2", part 2 of 3:                          0x1f8
  .bss               zero     0x2000'0044    0x94  main.o [2]
  .bss               zero     0x2000'00d8    0x6c  main.o [2]
  .bss               zero     0x2000'0144    0x6c  main.o [2]
  .bss               zero     0x2000'01b0    0x4c  main.o [2]
  .bss               zero     0x2000'01fc    0x20  main.o [2]
  .bss               zero     0x2000'021c     0x4  main.o [2]
  .bss               zero     0x2000'0220     0x4  main.o [2]
  .bss               zero     0x2000'0224     0x4  main.o [2]
  .bss               zero     0x2000'0228     0x4  main.o [2]
  .bss               zero     0x2000'022c     0x4  main.o [2]
  .bss               zero     0x2000'0230     0x4  stm32g4xx_hal.o [4]
  .bss               zero     0x2000'0234     0x4  stm32g4xx_hal_msp.o [2]
  .bss               zero     0x2000'0238     0x4  xfail_s.o [5]
                            - 0x2000'023c   0x1f8

"P2", part 3 of 3:                          0x400
  CSTACK                      0x2000'0240   0x400  <Block>
    CSTACK           uninit   0x2000'0240   0x400  <Block tail>
                            - 0x2000'0640   0x400

Unused ranges:

         From           To      Size
         ----           --      ----
   0x800'596c   0x801'ffff  0x1'a694
  0x2000'023c  0x2000'023f       0x4
  0x2000'0640  0x2000'7fff    0x79c0


*******************************************************************************
*** INIT TABLE
***

          Address      Size
          -------      ----
Zero (__iar_zero_init3)
    1 destination range, total size 0x1f8:
          0x2000'0044  0x1f8

Copy (__iar_copy_init3)
    1 source range, total size 0x44:
           0x800'5678   0x44
    1 destination range, total size 0x44:
          0x2000'0000   0x44



*******************************************************************************
*** MODULE SUMMARY
***

    Module                   ro code  ro data  rw data
    ------                   -------  -------  -------
command line/config:
    --------------------------------------------------
    Total:

C:\STM32_Rep\Nucleo_G431K_data_logger\Nucleo_G431K_data_logger\EWARM\Nucleo_G431K_data_logger\Obj\Application\EWARM: [1]
    startup_stm32g431xx.o        768
    --------------------------------------------------
    Total:                       768

C:\STM32_Rep\Nucleo_G431K_data_logger\Nucleo_G431K_data_logger\EWARM\Nucleo_G431K_data_logger\Obj\Application\User\Core: [2]
    main.o                     1'412       16      492
    stm32g4xx_hal_msp.o          492                 4
    stm32g4xx_it.o                24
    --------------------------------------------------
    Total:                     1'928       16      496

C:\STM32_Rep\Nucleo_G431K_data_logger\Nucleo_G431K_data_logger\EWARM\Nucleo_G431K_data_logger\Obj\Drivers\CMSIS: [3]
    system_stm32g4xx.o            16       28        4
    --------------------------------------------------
    Total:                        16       28        4

C:\STM32_Rep\Nucleo_G431K_data_logger\Nucleo_G431K_data_logger\EWARM\Nucleo_G431K_data_logger\Obj\Drivers\STM32G4xx_HAL_Driver: [4]
    stm32g4xx_hal.o              168        8       12
    stm32g4xx_hal_adc.o        2'580
    stm32g4xx_hal_adc_ex.o     2'772
    stm32g4xx_hal_cortex.o       288
    stm32g4xx_hal_gpio.o         496
    stm32g4xx_hal_pwr_ex.o       276
    stm32g4xx_hal_rcc.o        2'064
    stm32g4xx_hal_rcc_ex.o       744
    stm32g4xx_hal_tim.o          488
    stm32g4xx_hal_tim_ex.o       188
    stm32g4xx_hal_uart.o       1'964       24
    stm32g4xx_hal_uart_ex.o      368       16
    --------------------------------------------------
    Total:                    12'396       48       12

dl7M_tlf.a: [5]
    abort.o                        6
    exit.o                         4
    low_level_init.o               4
    sprintf.o                     64
    xfail_s.o                     64                 4
    xlocale_c.o                    8       59       56
    xprintffull_nomb.o         3'786
    xsprout.o                     10
    --------------------------------------------------
    Total:                     3'946       59       60

m7M_tls.a: [6]
    DblAddSub.o                  590
    DblCmpGe.o                    52
    DblCmpLe.o                    52
    DblDiv.o                     582
    DblMul.o                     426
    DblToS32.o                    54
    DblToU32.o                    34
    FltToDbl.o                    72
    S32ToDbl.o                    34
    U32ToDbl.o                    28
    fpinit_M.o                    34
    frexp.o                      112
    ldexp.o                      314
    --------------------------------------------------
    Total:                     2'384

rt7M_tl.a: [7]
    ABImemcpy.o                  166
    ABImemset.o                  102
    I64DivMod.o                  560
    I64DivZer.o                    2
    cexit.o                       10
    cmain.o                       30
    copy_init3.o                  42
    cstartup_M.o                  28
    data_init.o                   40
    memchr.o                      88
    memset.o                      20
    strchr.o                      22
    strlen.o                      54
    zero_init3.o                  56
    --------------------------------------------------
    Total:                     1'220

shb_l.a: [8]
    exit.o                        20
    --------------------------------------------------
    Total:                        20

    Gaps                          25        2
    Linker created                         36    1'024
------------------------------------------------------
    Grand Total:              22'703      189    1'596


*******************************************************************************
*** ENTRY LIST
***

Entry                       Address   Size  Type      Object
-----                       -------   ----  ----      ------
.iar.init_table$$Base    0x800'5740          --   Gb  - Linker created -
.iar.init_table$$Limit   0x800'5764          --   Gb  - Linker created -
?main                    0x800'5765         Code  Gb  cmain.o [7]
ADC1_2_IRQHandler        0x800'5899         Code  Wk  startup_stm32g431xx.o [1]
ADC_Disable              0x800'3219   0x80  Code  Gb  stm32g4xx_hal_adc.o [4]
ADC_Enable               0x800'3145   0xaa  Code  Gb  stm32g4xx_hal_adc.o [4]
AHBPrescTable            0x800'57fc   0x10  Data  Gb  system_stm32g4xx.o [3]
APBPrescTable            0x800'584c    0x8  Data  Gb  system_stm32g4xx.o [3]
BusFault_Handler         0x800'57eb    0x2  Code  Gb  stm32g4xx_it.o [2]
COMP1_2_3_IRQHandler     0x800'5939         Code  Wk  startup_stm32g431xx.o [1]
COMP4_IRQHandler         0x800'593d         Code  Wk  startup_stm32g431xx.o [1]
CORDIC_IRQHandler        0x800'5965         Code  Wk  startup_stm32g431xx.o [1]
CRS_IRQHandler           0x800'5941         Code  Wk  startup_stm32g431xx.o [1]
CSTACK$$Base            0x2000'0240          --   Gb  - Linker created -
CSTACK$$Limit           0x2000'0640          --   Gb  - Linker created -
DMA1_Channel1_IRQHandler
                         0x800'5881         Code  Wk  startup_stm32g431xx.o [1]
DMA1_Channel2_IRQHandler
                         0x800'5885         Code  Wk  startup_stm32g431xx.o [1]
DMA1_Channel3_IRQHandler
                         0x800'5889         Code  Wk  startup_stm32g431xx.o [1]
DMA1_Channel4_IRQHandler
                         0x800'588d         Code  Wk  startup_stm32g431xx.o [1]
DMA1_Channel5_IRQHandler
                         0x800'5891         Code  Wk  startup_stm32g431xx.o [1]
DMA1_Channel6_IRQHandler
                         0x800'5895         Code  Wk  startup_stm32g431xx.o [1]
DMA2_Channel1_IRQHandler
                         0x800'5921         Code  Wk  startup_stm32g431xx.o [1]
DMA2_Channel2_IRQHandler
                         0x800'5925         Code  Wk  startup_stm32g431xx.o [1]
DMA2_Channel3_IRQHandler
                         0x800'5929         Code  Wk  startup_stm32g431xx.o [1]
DMA2_Channel4_IRQHandler
                         0x800'592d         Code  Wk  startup_stm32g431xx.o [1]
DMA2_Channel5_IRQHandler
                         0x800'5931         Code  Wk  startup_stm32g431xx.o [1]
DMA2_Channel6_IRQHandler
                         0x800'5961         Code  Wk  startup_stm32g431xx.o [1]
DMAMUX_OVR_IRQHandler    0x800'595d         Code  Wk  startup_stm32g431xx.o [1]
DebugMon_Handler         0x800'57f1    0x2  Code  Gb  stm32g4xx_it.o [2]
EXTI0_IRQHandler         0x800'586d         Code  Wk  startup_stm32g431xx.o [1]
EXTI15_10_IRQHandler     0x800'58f1         Code  Wk  startup_stm32g431xx.o [1]
EXTI1_IRQHandler         0x800'5871         Code  Wk  startup_stm32g431xx.o [1]
EXTI2_IRQHandler         0x800'5875         Code  Wk  startup_stm32g431xx.o [1]
EXTI3_IRQHandler         0x800'5879         Code  Wk  startup_stm32g431xx.o [1]
EXTI4_IRQHandler         0x800'587d         Code  Wk  startup_stm32g431xx.o [1]
EXTI9_5_IRQHandler       0x800'58ad         Code  Wk  startup_stm32g431xx.o [1]
Error_Handler            0x800'3e21    0x4  Code  Gb  main.o [2]
FDCAN1_IT0_IRQHandler    0x800'58a5         Code  Wk  startup_stm32g431xx.o [1]
FDCAN1_IT1_IRQHandler    0x800'58a9         Code  Wk  startup_stm32g431xx.o [1]
FLASH_IRQHandler         0x800'5865         Code  Wk  startup_stm32g431xx.o [1]
FMAC_IRQHandler          0x800'5969         Code  Wk  startup_stm32g431xx.o [1]
FPU_IRQHandler           0x800'5949         Code  Wk  startup_stm32g431xx.o [1]
HAL_ADCEx_Calibration_Start
                         0x800'1f21   0x90  Code  Gb  stm32g4xx_hal_adc_ex.o [4]
HAL_ADCEx_InjectedConfigChannel
                         0x800'2211  0x54e  Code  Gb  stm32g4xx_hal_adc_ex.o [4]
HAL_ADCEx_InjectedGetValue
                         0x800'21b5   0x3c  Code  Gb  stm32g4xx_hal_adc_ex.o [4]
HAL_ADCEx_InjectedPollForConversion
                         0x800'20ab  0x10a  Code  Gb  stm32g4xx_hal_adc_ex.o [4]
HAL_ADCEx_InjectedStart
                         0x800'1fb1   0xfa  Code  Gb  stm32g4xx_hal_adc_ex.o [4]
HAL_ADCEx_MultiModeConfigChannel
                         0x800'275f   0xf6  Code  Gb  stm32g4xx_hal_adc_ex.o [4]
HAL_ADC_ConfigChannel    0x800'2c8d  0x4b8  Code  Gb  stm32g4xx_hal_adc.o [4]
HAL_ADC_Init             0x800'2a2d  0x238  Code  Gb  stm32g4xx_hal_adc.o [4]
HAL_ADC_MspInit          0x800'32d5   0xfc  Code  Gb  stm32g4xx_hal_msp.o [2]
HAL_GPIO_Init            0x800'3e25  0x1aa  Code  Gb  stm32g4xx_hal_gpio.o [4]
HAL_GPIO_WritePin        0x800'3fcf   0x18  Code  Gb  stm32g4xx_hal_gpio.o [4]
HAL_GetTick              0x800'3299    0xc  Code  Wk  stm32g4xx_hal.o [4]
HAL_IncTick              0x800'57cd   0x18  Code  Wk  stm32g4xx_hal.o [4]
HAL_Init                 0x800'407d   0x24  Code  Gb  stm32g4xx_hal.o [4]
HAL_InitTick             0x800'5619   0x60  Code  Wk  stm32g4xx_hal.o [4]
HAL_MspInit              0x800'32a5   0x30  Code  Gb  stm32g4xx_hal_msp.o [2]
HAL_NVIC_SetPriority     0x800'55cd   0x24  Code  Gb  stm32g4xx_hal_cortex.o [4]
HAL_NVIC_SetPriorityGrouping
                         0x800'55c1    0xc  Code  Gb  stm32g4xx_hal_cortex.o [4]
HAL_PWREx_ControlVoltageScaling
                         0x800'3491   0xee  Code  Gb  stm32g4xx_hal_pwr_ex.o [4]
HAL_PWREx_DisableUCPDDeadBattery
                         0x800'357f    0xc  Code  Gb  stm32g4xx_hal_pwr_ex.o [4]
HAL_RCCEx_PeriphCLKConfig
                         0x800'35b9  0x2d2  Code  Gb  stm32g4xx_hal_rcc_ex.o [4]
HAL_RCC_ADC12_CLK_ENABLED
                        0x2000'0234    0x4  Data  Lc  stm32g4xx_hal_msp.o [2]
HAL_RCC_ClockConfig      0x800'4f95  0x1ee  Code  Gb  stm32g4xx_hal_rcc.o [4]
HAL_RCC_GetHCLKFreq      0x800'51ff    0x6  Code  Gb  stm32g4xx_hal_rcc.o [4]
HAL_RCC_GetPCLK1Freq     0x800'5205   0x1a  Code  Gb  stm32g4xx_hal_rcc.o [4]
HAL_RCC_GetPCLK2Freq     0x800'521f   0x1a  Code  Gb  stm32g4xx_hal_rcc.o [4]
HAL_RCC_GetSysClockFreq
                         0x800'5183   0x7c  Code  Gb  stm32g4xx_hal_rcc.o [4]
HAL_RCC_OscConfig        0x800'4abd  0x4d8  Code  Gb  stm32g4xx_hal_rcc.o [4]
HAL_SYSTICK_Config       0x800'55f1    0xc  Code  Gb  stm32g4xx_hal_cortex.o [4]
HAL_TIMEx_MasterConfigSynchronization
                         0x800'52cd   0xa2  Code  Gb  stm32g4xx_hal_tim_ex.o [4]
HAL_TIM_Base_Init        0x800'40a1   0x7a  Code  Gb  stm32g4xx_hal_tim.o [4]
HAL_TIM_Base_MspInit     0x800'33d1   0x22  Code  Gb  stm32g4xx_hal_msp.o [2]
HAL_TIM_Base_Start       0x800'411b   0x82  Code  Gb  stm32g4xx_hal_tim.o [4]
HAL_UARTEx_DisableFifoMode
                         0x800'5389   0x46  Code  Gb  stm32g4xx_hal_uart_ex.o [4]
HAL_UARTEx_SetRxFifoThreshold
                         0x800'5425   0x56  Code  Gb  stm32g4xx_hal_uart_ex.o [4]
HAL_UARTEx_SetTxFifoThreshold
                         0x800'53cf   0x56  Code  Gb  stm32g4xx_hal_uart_ex.o [4]
HAL_UART_Init            0x800'4311   0x7e  Code  Gb  stm32g4xx_hal_uart.o [4]
HAL_UART_MspInit         0x800'33f3   0x82  Code  Gb  stm32g4xx_hal_msp.o [2]
HAL_UART_Transmit        0x800'438f   0xd6  Code  Gb  stm32g4xx_hal_uart.o [4]
HardFault_Handler        0x800'57e7    0x2  Code  Gb  stm32g4xx_it.o [2]
I2C1_ER_IRQHandler       0x800'58d1         Code  Wk  startup_stm32g431xx.o [1]
I2C1_EV_IRQHandler       0x800'58cd         Code  Wk  startup_stm32g431xx.o [1]
I2C2_ER_IRQHandler       0x800'58d9         Code  Wk  startup_stm32g431xx.o [1]
I2C2_EV_IRQHandler       0x800'58d5         Code  Wk  startup_stm32g431xx.o [1]
I2C3_ER_IRQHandler       0x800'5959         Code  Wk  startup_stm32g431xx.o [1]
I2C3_EV_IRQHandler       0x800'5955         Code  Wk  startup_stm32g431xx.o [1]
LL_ADC_Disable           0x800'29f7   0x10  Code  Lc  stm32g4xx_hal_adc.o [4]
LL_ADC_DisableDeepPowerDown
                         0x800'29b7    0xc  Code  Lc  stm32g4xx_hal_adc.o [4]
LL_ADC_Enable            0x800'29e7   0x10  Code  Lc  stm32g4xx_hal_adc.o [4]
LL_ADC_EnableInternalRegulator
                         0x800'29cd   0x10  Code  Lc  stm32g4xx_hal_adc.o [4]
LL_ADC_GetCommonPathInternalCh
                         0x800'289d    0x8  Code  Lc  stm32g4xx_hal_adc.o [4]
LL_ADC_GetCommonPathInternalCh
                         0x800'1dbd    0x8  Code  Lc  stm32g4xx_hal_adc_ex.o [4]
LL_ADC_GetMultimode      0x800'1ed1    0x8  Code  Lc  stm32g4xx_hal_adc_ex.o [4]
LL_ADC_GetOffsetChannel
                         0x800'28c9   0x12  Code  Lc  stm32g4xx_hal_adc.o [4]
LL_ADC_GetOffsetChannel
                         0x800'1de9   0x12  Code  Lc  stm32g4xx_hal_adc_ex.o [4]
LL_ADC_INJ_GetTrigAuto   0x800'1e6f    0x8  Code  Lc  stm32g4xx_hal_adc_ex.o [4]
LL_ADC_INJ_IsConversionOngoing
                         0x800'2a23    0xa  Code  Lc  stm32g4xx_hal_adc.o [4]
LL_ADC_INJ_IsConversionOngoing
                         0x800'1f17    0xa  Code  Lc  stm32g4xx_hal_adc_ex.o [4]
LL_ADC_INJ_IsTriggerSourceSWStart
                         0x800'1e5f   0x10  Code  Lc  stm32g4xx_hal_adc_ex.o [4]
LL_ADC_INJ_StartConversion
                         0x800'1f07   0x10  Code  Lc  stm32g4xx_hal_adc_ex.o [4]
LL_ADC_IsCalibrationOnGoing
                         0x800'1ef7    0x6  Code  Lc  stm32g4xx_hal_adc_ex.o [4]
LL_ADC_IsDeepPowerDownEnabled
                         0x800'29c3    0xa  Code  Lc  stm32g4xx_hal_adc.o [4]
LL_ADC_IsDisableOngoing
                         0x800'2a0f    0xa  Code  Lc  stm32g4xx_hal_adc.o [4]
LL_ADC_IsEnabled         0x800'2a07    0x8  Code  Lc  stm32g4xx_hal_adc.o [4]
LL_ADC_IsEnabled         0x800'1ed9    0x8  Code  Lc  stm32g4xx_hal_adc_ex.o [4]
LL_ADC_IsInternalRegulatorEnabled
                         0x800'29dd    0xa  Code  Lc  stm32g4xx_hal_adc.o [4]
LL_ADC_REG_IsConversionOngoing
                         0x800'2a19    0xa  Code  Lc  stm32g4xx_hal_adc.o [4]
LL_ADC_REG_IsConversionOngoing
                         0x800'1efd    0xa  Code  Lc  stm32g4xx_hal_adc_ex.o [4]
LL_ADC_REG_IsTriggerSourceSWStart
                         0x800'1e4f   0x10  Code  Lc  stm32g4xx_hal_adc_ex.o [4]
LL_ADC_REG_SetSequencerRanks
                         0x800'292f   0x2e  Code  Lc  stm32g4xx_hal_adc.o [4]
LL_ADC_SetChannelSamplingTime
                         0x800'295d   0x34  Code  Lc  stm32g4xx_hal_adc.o [4]
LL_ADC_SetChannelSamplingTime
                         0x800'1e77   0x34  Code  Lc  stm32g4xx_hal_adc_ex.o [4]
LL_ADC_SetChannelSingleDiff
                         0x800'2991   0x26  Code  Lc  stm32g4xx_hal_adc.o [4]
LL_ADC_SetChannelSingleDiff
                         0x800'1eab   0x26  Code  Lc  stm32g4xx_hal_adc_ex.o [4]
LL_ADC_SetCommonClock    0x800'2885    0xc  Code  Lc  stm32g4xx_hal_adc.o [4]
LL_ADC_SetCommonPathInternalCh
                         0x800'2891    0xc  Code  Lc  stm32g4xx_hal_adc.o [4]
LL_ADC_SetCommonPathInternalCh
                         0x800'1db1    0xc  Code  Lc  stm32g4xx_hal_adc_ex.o [4]
LL_ADC_SetOffset         0x800'28a5   0x24  Code  Lc  stm32g4xx_hal_adc.o [4]
LL_ADC_SetOffset         0x800'1dc5   0x24  Code  Lc  stm32g4xx_hal_adc_ex.o [4]
LL_ADC_SetOffsetSaturation
                         0x800'290b   0x18  Code  Lc  stm32g4xx_hal_adc.o [4]
LL_ADC_SetOffsetSaturation
                         0x800'1e2b   0x18  Code  Lc  stm32g4xx_hal_adc_ex.o [4]
LL_ADC_SetOffsetSign     0x800'28f3   0x18  Code  Lc  stm32g4xx_hal_adc.o [4]
LL_ADC_SetOffsetSign     0x800'1e13   0x18  Code  Lc  stm32g4xx_hal_adc_ex.o [4]
LL_ADC_SetOffsetState    0x800'28db   0x18  Code  Lc  stm32g4xx_hal_adc.o [4]
LL_ADC_SetOffsetState    0x800'1dfb   0x18  Code  Lc  stm32g4xx_hal_adc_ex.o [4]
LL_ADC_SetSamplingTimeCommonConfig
                         0x800'2923    0xc  Code  Lc  stm32g4xx_hal_adc.o [4]
LL_ADC_SetSamplingTimeCommonConfig
                         0x800'1e43    0xc  Code  Lc  stm32g4xx_hal_adc_ex.o [4]
LL_ADC_StartCalibration
                         0x800'1ee1   0x16  Code  Lc  stm32g4xx_hal_adc_ex.o [4]
LPTIM1_IRQHandler        0x800'590d         Code  Wk  startup_stm32g431xx.o [1]
LPUART1_IRQHandler       0x800'5951         Code  Wk  startup_stm32g431xx.o [1]
MX_ADC1_Init             0x800'3a5b  0x10a  Code  Lc  main.o [2]
MX_ADC2_Init             0x800'3b75  0x11e  Code  Lc  main.o [2]
MX_GPIO_Init             0x800'3d53   0x74  Code  Lc  main.o [2]
MX_TIM6_Init             0x800'3c93   0x50  Code  Lc  main.o [2]
MX_USART2_UART_Init      0x800'3ce3   0x70  Code  Lc  main.o [2]
MemManage_Handler        0x800'57e9    0x2  Code  Gb  stm32g4xx_it.o [2]
NMI_Handler              0x800'57e5    0x2  Code  Gb  stm32g4xx_it.o [2]
NVIC_EncodePriority      0x800'5551   0x40  Code  Lc  stm32g4xx_hal_cortex.o [4]
PVD_PVM_IRQHandler       0x800'5859         Code  Wk  startup_stm32g431xx.o [1]
PendSV_Handler           0x800'57f3    0x2  Code  Gb  stm32g4xx_it.o [2]
RCC_GetSysClockFreqFromPLLSource
                         0x800'5239   0x46  Code  Lc  stm32g4xx_hal_rcc.o [4]
RCC_IRQHandler           0x800'5869         Code  Wk  startup_stm32g431xx.o [1]
RNG_IRQHandler           0x800'594d         Code  Wk  startup_stm32g431xx.o [1]
RTC_Alarm_IRQHandler     0x800'58f5         Code  Wk  startup_stm32g431xx.o [1]
RTC_TAMP_LSECSS_IRQHandler
                         0x800'585d         Code  Wk  startup_stm32g431xx.o [1]
RTC_WKUP_IRQHandler      0x800'5861         Code  Wk  startup_stm32g431xx.o [1]
Region$$Table$$Base      0x800'5740          --   Gb  - Linker created -
Region$$Table$$Limit     0x800'5764          --   Gb  - Linker created -
Reset_Handler            0x800'580d         Code  Wk  startup_stm32g431xx.o [1]
SAI1_IRQHandler          0x800'5945         Code  Wk  startup_stm32g431xx.o [1]
SPI1_IRQHandler          0x800'58dd         Code  Wk  startup_stm32g431xx.o [1]
SPI2_IRQHandler          0x800'58e1         Code  Wk  startup_stm32g431xx.o [1]
SPI3_IRQHandler          0x800'5911         Code  Wk  startup_stm32g431xx.o [1]
SVC_Handler              0x800'57ef    0x2  Code  Gb  stm32g4xx_it.o [2]
SysTick_Config           0x800'5591   0x30  Code  Lc  stm32g4xx_hal_cortex.o [4]
SysTick_Handler          0x800'57f5    0x8  Code  Gb  stm32g4xx_it.o [2]
SystemClock_Config       0x800'39dd   0x7e  Code  Gb  main.o [2]
SystemCoreClock         0x2000'0008    0x4  Data  Gb  system_stm32g4xx.o [3]
SystemInit               0x800'581d    0xc  Code  Gb  system_stm32g4xx.o [3]
TIM1_BRK_TIM15_IRQHandler
                         0x800'58b1         Code  Wk  startup_stm32g431xx.o [1]
TIM1_CC_IRQHandler       0x800'58bd         Code  Wk  startup_stm32g431xx.o [1]
TIM1_TRG_COM_TIM17_IRQHandler
                         0x800'58b9         Code  Wk  startup_stm32g431xx.o [1]
TIM1_UP_TIM16_IRQHandler
                         0x800'58b5         Code  Wk  startup_stm32g431xx.o [1]
TIM2_IRQHandler          0x800'58c1         Code  Wk  startup_stm32g431xx.o [1]
TIM3_IRQHandler          0x800'58c5         Code  Wk  startup_stm32g431xx.o [1]
TIM4_IRQHandler          0x800'58c9         Code  Wk  startup_stm32g431xx.o [1]
TIM6_DAC_IRQHandler      0x800'5919         Code  Wk  startup_stm32g431xx.o [1]
TIM7_IRQHandler          0x800'591d         Code  Wk  startup_stm32g431xx.o [1]
TIM8_BRK_IRQHandler      0x800'58fd         Code  Wk  startup_stm32g431xx.o [1]
TIM8_CC_IRQHandler       0x800'5909         Code  Wk  startup_stm32g431xx.o [1]
TIM8_TRG_COM_IRQHandler
                         0x800'5905         Code  Wk  startup_stm32g431xx.o [1]
TIM8_UP_IRQHandler       0x800'5901         Code  Wk  startup_stm32g431xx.o [1]
TIM_Base_SetConfig       0x800'41b5   0xb8  Code  Gb  stm32g4xx_hal_tim.o [4]
UART4_IRQHandler         0x800'5915         Code  Wk  startup_stm32g431xx.o [1]
UARTEx_SetNbDataToProcess
                         0x800'547b   0x76  Code  Lc  stm32g4xx_hal_uart_ex.o [4]
UARTEx_SetNbDataToProcess::denominator
                         0x800'5844    0x8  Data  Lc  stm32g4xx_hal_uart_ex.o [4]
UARTEx_SetNbDataToProcess::numerator
                         0x800'583c    0x8  Data  Lc  stm32g4xx_hal_uart_ex.o [4]
UARTPrescTable           0x800'57b4   0x18  Data  Gb  stm32g4xx_hal_uart.o [4]
UART_AdvFeatureConfig    0x800'47e1   0xda  Code  Gb  stm32g4xx_hal_uart.o [4]
UART_CheckIdleState      0x800'48bb   0xd6  Code  Gb  stm32g4xx_hal_uart.o [4]
UART_EndRxTransfer       0x800'4a2f   0x60  Code  Lc  stm32g4xx_hal_uart.o [4]
UART_SetConfig           0x800'4465  0x37a  Code  Gb  stm32g4xx_hal_uart.o [4]
UART_WaitOnFlagUntilTimeout
                         0x800'4991   0x9e  Code  Gb  stm32g4xx_hal_uart.o [4]
UCPD1_IRQHandler         0x800'5935         Code  Wk  startup_stm32g431xx.o [1]
USART1_IRQHandler        0x800'58e5         Code  Wk  startup_stm32g431xx.o [1]
USART2_IRQHandler        0x800'58e9         Code  Wk  startup_stm32g431xx.o [1]
USART3_IRQHandler        0x800'58ed         Code  Wk  startup_stm32g431xx.o [1]
USBWakeUp_IRQHandler     0x800'58f9         Code  Wk  startup_stm32g431xx.o [1]
USB_HP_IRQHandler        0x800'589d         Code  Wk  startup_stm32g431xx.o [1]
USB_LP_IRQHandler        0x800'58a1         Code  Wk  startup_stm32g431xx.o [1]
UsageFault_Handler       0x800'57ed    0x2  Code  Gb  stm32g4xx_it.o [2]
WWDG_IRQHandler          0x800'5855         Code  Wk  startup_stm32g431xx.o [1]
_LC                      0x800'01d9    0x6  Code  Lc  xprintffull_nomb.o [5]
_LitobFullNoMb           0x800'0ec1  0x114  Code  Lc  xprintffull_nomb.o [5]
_Locale_lconv           0x2000'000c   0x38  Data  Lc  xlocale_c.o [5]
_PrintfFullNoMb          0x800'01df  0xcb4  Code  Gb  xprintffull_nomb.o [5]
_PutcharsFullNoMb        0x800'102d   0x2e  Code  Lc  xprintffull_nomb.o [5]
_SProut                  0x800'10e3    0xa  Code  Gb  xsprout.o [5]
__NVIC_GetPriorityGrouping
                         0x800'551b    0xa  Code  Lc  stm32g4xx_hal_cortex.o [4]
__NVIC_SetPriority       0x800'5525   0x2c  Code  Lc  stm32g4xx_hal_cortex.o [4]
__NVIC_SetPriorityGrouping
                         0x800'54f9   0x22  Code  Lc  stm32g4xx_hal_cortex.o [4]
__aeabi_cdcmple          0x800'12d5         Code  Gb  DblCmpLe.o [6]
__aeabi_cdrcmple         0x800'1309         Code  Gb  DblCmpGe.o [6]
__aeabi_d2iz             0x800'1479         Code  Gb  DblToS32.o [6]
__aeabi_d2uiz            0x800'196d         Code  Gb  DblToU32.o [6]
__aeabi_ddiv             0x800'1725         Code  Gb  DblDiv.o [6]
__aeabi_dmul             0x800'19ad         Code  Gb  DblMul.o [6]
__aeabi_dsub             0x800'1641         Code  Gb  DblAddSub.o [6]
__aeabi_f2d              0x800'4289         Code  Gb  FltToDbl.o [6]
__aeabi_i2d              0x800'14b1         Code  Gb  S32ToDbl.o [6]
__aeabi_ldiv0            0x800'1d99         Code  Gb  I64DivZer.o [7]
__aeabi_memcpy           0x800'11bd         Code  Gb  ABImemcpy.o [7]
__aeabi_memcpy4          0x800'11dd         Code  Gb  ABImemcpy.o [7]
__aeabi_memcpy8          0x800'11dd         Code  Gb  ABImemcpy.o [7]
__aeabi_memset           0x800'4015         Code  Gb  ABImemset.o [7]
__aeabi_ui2d             0x800'1991         Code  Gb  U32ToDbl.o [6]
__aeabi_uldivmod         0x800'1b61         Code  Gb  I64DivMod.o [7]
__cmain                  0x800'5765         Code  Gb  cmain.o [7]
__exit                   0x800'1d9d   0x14  Code  Gb  exit.o [8]
__iar_Fail_s             0x800'10ed   0x1c  Code  Gb  xfail_s.o [5]
__iar_Memchr             0x800'1165         Code  Gb  memchr.o [7]
__iar_Memset             0x800'4015         Code  Gb  ABImemset.o [7]
__iar_Memset_word        0x800'401d         Code  Gb  ABImemset.o [7]
__iar_Strchr             0x800'10cd         Code  Gb  strchr.o [7]
__iar_copy_init3         0x800'10a3   0x2a  Code  Gb  copy_init3.o [7]
__iar_data_init3         0x800'56f5   0x28  Code  Gb  data_init.o [7]
__iar_frexp              0x800'1271         Code  Gb  frexp.o [6]
__iar_frexpl             0x800'1271         Code  Gb  frexp.o [6]
__iar_init_vfp           0x800'571d         Code  Gb  fpinit_M.o [6]
__iar_ldexp64            0x800'133d         Code  Gb  ldexp.o [6]
__iar_program_start      0x800'5799         Code  Gb  cstartup_M.o [7]
__iar_scalbln64          0x800'133d         Code  Gb  ldexp.o [6]
__iar_scalbn64           0x800'133d         Code  Gb  ldexp.o [6]
__iar_softfp___iar_frexp64
                         0x800'1265         Code  Gb  frexp.o [6]
__iar_softfp_frexp       0x800'1265         Code  Gb  frexp.o [6]
__iar_softfp_frexpl      0x800'1265         Code  Gb  frexp.o [6]
__iar_zero_init3         0x800'56bd   0x38  Code  Gb  zero_init3.o [7]
__low_level_init         0x800'5783    0x4  Code  Gb  low_level_init.o [5]
__vector_table           0x800'0000         Data  Gb  startup_stm32g431xx.o [1]
_call_main               0x800'5771         Code  Gb  cmain.o [7]
_exit                    0x800'578d         Code  Gb  cexit.o [7]
abort                    0x800'1d91    0x6  Code  Gb  abort.o [5]
exit                     0x800'5787    0x4  Code  Gb  exit.o [5]
hadc1                   0x2000'00d8   0x6c  Data  Gb  main.o [2]
hadc2                   0x2000'0144   0x6c  Data  Gb  main.o [2]
htim6                   0x2000'01b0   0x4c  Data  Gb  main.o [2]
huart2                  0x2000'0044   0x94  Data  Gb  main.o [2]
ldexp                    0x800'133d         Code  Gb  ldexp.o [6]
ldexpl                   0x800'133d         Code  Gb  ldexp.o [6]
localeconv               0x800'1b59    0x4  Code  Gb  xlocale_c.o [5]
main                     0x800'38a1  0x13c  Code  Gb  main.o [2]
memchr                   0x800'1165         Code  Gb  memchr.o [7]
memset                   0x800'35a5   0x14  Code  Gb  memset.o [7]
msg_bug                 0x2000'01fc   0x20  Data  Gb  main.o [2]
msg_len                 0x2000'022c    0x4  Data  Gb  main.o [2]
rawf_adc1_ch1_val       0x2000'0220    0x4  Data  Gb  main.o [2]
rawf_adc1_ch2_val       0x2000'0224    0x4  Data  Gb  main.o [2]
rawf_adc1_ch3_val       0x2000'0228    0x4  Data  Gb  main.o [2]
row_count               0x2000'021c    0x4  Data  Gb  main.o [2]
scalbln                  0x800'133d         Code  Gb  ldexp.o [6]
scalblnl                 0x800'133d         Code  Gb  ldexp.o [6]
scalbn                   0x800'133d         Code  Gb  ldexp.o [6]
scalbnl                  0x800'133d         Code  Gb  ldexp.o [6]
scale                    0x800'0fd5   0x46  Code  Lc  xprintffull_nomb.o [5]
sec_hand                0x2000'0238    0x4  Data  Lc  xfail_s.o [5]
sprintf                  0x800'42d1   0x40  Code  Gb  sprintf.o [5]
strchr                   0x800'10cd         Code  Gb  strchr.o [7]
strlen                   0x800'112d         Code  Gb  strlen.o [7]
uwTick                  0x2000'0230    0x4  Data  Gb  stm32g4xx_hal.o [4]
uwTickFreq              0x2000'0004    0x4  Data  Gb  stm32g4xx_hal.o [4]
uwTickPrio              0x2000'0000    0x4  Data  Gb  stm32g4xx_hal.o [4]


[1] = C:\STM32_Rep\Nucleo_G431K_data_logger\Nucleo_G431K_data_logger\EWARM\Nucleo_G431K_data_logger\Obj\Application\EWARM
[2] = C:\STM32_Rep\Nucleo_G431K_data_logger\Nucleo_G431K_data_logger\EWARM\Nucleo_G431K_data_logger\Obj\Application\User\Core
[3] = C:\STM32_Rep\Nucleo_G431K_data_logger\Nucleo_G431K_data_logger\EWARM\Nucleo_G431K_data_logger\Obj\Drivers\CMSIS
[4] = C:\STM32_Rep\Nucleo_G431K_data_logger\Nucleo_G431K_data_logger\EWARM\Nucleo_G431K_data_logger\Obj\Drivers\STM32G4xx_HAL_Driver
[5] = dl7M_tlf.a
[6] = m7M_tls.a
[7] = rt7M_tl.a
[8] = shb_l.a

  22'703 bytes of readonly  code memory
     189 bytes of readonly  data memory
   1'596 bytes of readwrite data memory

Errors: none
Warnings: none
